Archive member included to satisfy reference by file (symbol)

c:/rtthread/env/tools/gnu_gcc/arm_gcc/mingw/bin/../lib/gcc/arm-none-eabi/5.4.1/../../../../arm-none-eabi/lib/armv7e-m/fpu\libc.a(lib_a-assert.o)
                              build\board\MCUX_Config\clock_config.o (__assert_func)
c:/rtthread/env/tools/gnu_gcc/arm_gcc/mingw/bin/../lib/gcc/arm-none-eabi/5.4.1/../../../../arm-none-eabi/lib/armv7e-m/fpu\libc.a(lib_a-fclose.o)
                              build\kernel\components\libc\compilers\newlib\stdio.o (fclose)
c:/rtthread/env/tools/gnu_gcc/arm_gcc/mingw/bin/../lib/gcc/arm-none-eabi/5.4.1/../../../../arm-none-eabi/lib/armv7e-m/fpu\libc.a(lib_a-fflush.o)
                              c:/rtthread/env/tools/gnu_gcc/arm_gcc/mingw/bin/../lib/gcc/arm-none-eabi/5.4.1/../../../../arm-none-eabi/lib/armv7e-m/fpu\libc.a(lib_a-fclose.o) (__sflush_r)
c:/rtthread/env/tools/gnu_gcc/arm_gcc/mingw/bin/../lib/gcc/arm-none-eabi/5.4.1/../../../../arm-none-eabi/lib/armv7e-m/fpu\libc.a(lib_a-fileno.o)
                              build\kernel\components\libc\compilers\newlib\stdio.o (fileno)
c:/rtthread/env/tools/gnu_gcc/arm_gcc/mingw/bin/../lib/gcc/arm-none-eabi/5.4.1/../../../../arm-none-eabi/lib/armv7e-m/fpu\libc.a(lib_a-findfp.o)
                              c:/rtthread/env/tools/gnu_gcc/arm_gcc/mingw/bin/../lib/gcc/arm-none-eabi/5.4.1/../../../../arm-none-eabi/lib/armv7e-m/fpu\libc.a(lib_a-fclose.o) (__sinit)
c:/rtthread/env/tools/gnu_gcc/arm_gcc/mingw/bin/../lib/gcc/arm-none-eabi/5.4.1/../../../../arm-none-eabi/lib/armv7e-m/fpu\libc.a(lib_a-fiprintf.o)
                              c:/rtthread/env/tools/gnu_gcc/arm_gcc/mingw/bin/../lib/gcc/arm-none-eabi/5.4.1/../../../../arm-none-eabi/lib/armv7e-m/fpu\libc.a(lib_a-assert.o) (fiprintf)
c:/rtthread/env/tools/gnu_gcc/arm_gcc/mingw/bin/../lib/gcc/arm-none-eabi/5.4.1/../../../../arm-none-eabi/lib/armv7e-m/fpu\libc.a(lib_a-fopen.o)
                              build\kernel\components\libc\compilers\newlib\stdio.o (fopen)
c:/rtthread/env/tools/gnu_gcc/arm_gcc/mingw/bin/../lib/gcc/arm-none-eabi/5.4.1/../../../../arm-none-eabi/lib/armv7e-m/fpu\libc.a(lib_a-fseek.o)
                              c:/rtthread/env/tools/gnu_gcc/arm_gcc/mingw/bin/../lib/gcc/arm-none-eabi/5.4.1/../../../../arm-none-eabi/lib/armv7e-m/fpu\libc.a(lib_a-fopen.o) (_fseek_r)
c:/rtthread/env/tools/gnu_gcc/arm_gcc/mingw/bin/../lib/gcc/arm-none-eabi/5.4.1/../../../../arm-none-eabi/lib/armv7e-m/fpu\libc.a(lib_a-fseeko.o)
                              c:/rtthread/env/tools/gnu_gcc/arm_gcc/mingw/bin/../lib/gcc/arm-none-eabi/5.4.1/../../../../arm-none-eabi/lib/armv7e-m/fpu\libc.a(lib_a-fseek.o) (_fseeko_r)
c:/rtthread/env/tools/gnu_gcc/arm_gcc/mingw/bin/../lib/gcc/arm-none-eabi/5.4.1/../../../../arm-none-eabi/lib/armv7e-m/fpu\libc.a(lib_a-fwalk.o)
                              c:/rtthread/env/tools/gnu_gcc/arm_gcc/mingw/bin/../lib/gcc/arm-none-eabi/5.4.1/../../../../arm-none-eabi/lib/armv7e-m/fpu\libc.a(lib_a-findfp.o) (_fwalk)
c:/rtthread/env/tools/gnu_gcc/arm_gcc/mingw/bin/../lib/gcc/arm-none-eabi/5.4.1/../../../../arm-none-eabi/lib/armv7e-m/fpu\libc.a(lib_a-impure.o)
                              build\kernel\components\libc\compilers\newlib\stdio.o (_global_impure_ptr)
c:/rtthread/env/tools/gnu_gcc/arm_gcc/mingw/bin/../lib/gcc/arm-none-eabi/5.4.1/../../../../arm-none-eabi/lib/armv7e-m/fpu\libc.a(lib_a-makebuf.o)
                              c:/rtthread/env/tools/gnu_gcc/arm_gcc/mingw/bin/../lib/gcc/arm-none-eabi/5.4.1/../../../../arm-none-eabi/lib/armv7e-m/fpu\libc.a(lib_a-fseeko.o) (__smakebuf_r)
c:/rtthread/env/tools/gnu_gcc/arm_gcc/mingw/bin/../lib/gcc/arm-none-eabi/5.4.1/../../../../arm-none-eabi/lib/armv7e-m/fpu\libc.a(lib_a-malloc.o)
                              libraries\MIMXRT1050\MIMXRT1052\drivers\fsl_common.o (malloc)
c:/rtthread/env/tools/gnu_gcc/arm_gcc/mingw/bin/../lib/gcc/arm-none-eabi/5.4.1/../../../../arm-none-eabi/lib/armv7e-m/fpu\libc.a(lib_a-memcmp.o)
                              build\kernel\components\finsh\shell.o (memcmp)
c:/rtthread/env/tools/gnu_gcc/arm_gcc/mingw/bin/../lib/gcc/arm-none-eabi/5.4.1/../../../../arm-none-eabi/lib/armv7e-m/fpu\libc.a(lib_a-memcpy.o)
                              build\kernel\components\dfs\filesystems\elmfat\dfs_elm.o (memcpy)
c:/rtthread/env/tools/gnu_gcc/arm_gcc/mingw/bin/../lib/gcc/arm-none-eabi/5.4.1/../../../../arm-none-eabi/lib/armv7e-m/fpu\libc.a(lib_a-memset.o)
                              build\kernel\components\dfs\src\dfs.o (memset)
c:/rtthread/env/tools/gnu_gcc/arm_gcc/mingw/bin/../lib/gcc/arm-none-eabi/5.4.1/../../../../arm-none-eabi/lib/armv7e-m/fpu\libc.a(lib_a-putenv.o)
                              build\kernel\components\libc\compilers\newlib\libc.o (putenv)
c:/rtthread/env/tools/gnu_gcc/arm_gcc/mingw/bin/../lib/gcc/arm-none-eabi/5.4.1/../../../../arm-none-eabi/lib/armv7e-m/fpu\libc.a(lib_a-putenv_r.o)
[...]
Memory Configuration

Name             Origin             Length             Attributes
m_flash_config   0x60000000         0x00001000         xr
m_ivt            0x60001000         0x00001000         xr
m_interrupts     0x60002000         0x00000400         xr
m_text           0x60002400         0x03ffdc00         xr
m_data           0x20000000         0x00020000         rw
m_data2          0x20200000         0x00040000         rw
*default*        0x00000000         0xffffffff

Linker script and memory map

LOAD c:/rtthread/env/tools/gnu_gcc/arm_gcc/mingw/bin/../lib/gcc/arm-none-eabi/5.4.1/../../../../arm-none-eabi/lib/armv7e-m/fpu\libm.a
LOAD c:/rtthread/env/tools/gnu_gcc/arm_gcc/mingw/bin/../lib/gcc/arm-none-eabi/5.4.1/armv7e-m/fpu\libgcc.a
LOAD c:/rtthread/env/tools/gnu_gcc/arm_gcc/mingw/bin/../lib/gcc/arm-none-eabi/5.4.1/../../../../arm-none-eabi/lib/armv7e-m/fpu\libc.a
LOAD build\applications\main.o
LOAD build\board\board.o
LOAD build\board\MCUX_Config\clock_config.o
LOAD build\board\MCUX_Config\pin_mux.o
LOAD build\xip\fsl_flexspi_nor_boot.o
LOAD build\xip\fsl_flexspi_nor_config.o
LOAD build\kernel\src\clock.o
LOAD build\kernel\src\components.o
LOAD build\kernel\src\device.o
LOAD build\kernel\src\idle.o
LOAD build\kernel\src\ipc.o
LOAD build\kernel\src\irq.o
LOAD build\kernel\src\kservice.o
LOAD build\kernel\src\memheap.o
LOAD build\kernel\src\mempool.o
LOAD build\kernel\src\object.o
LOAD build\kernel\src\scheduler.o
LOAD build\kernel\src\thread.o
LOAD build\kernel\src\timer.o
LOAD build\kernel\libcpu\arm\common\backtrace.o
LOAD build\kernel\libcpu\arm\common\div0.o
LOAD build\kernel\libcpu\arm\common\showmem.o
LOAD build\kernel\libcpu\arm\cortex-m7\cpu_cache.o
LOAD build\kernel\libcpu\arm\cortex-m7\cpuport.o
LOAD build\kernel\libcpu\arm\cortex-m7\context_gcc.o
LOAD build\kernel\components\dfs\src\dfs.o
LOAD build\kernel\components\dfs\src\dfs_file.o
LOAD build\kernel\components\dfs\src\dfs_fs.o
LOAD build\kernel\components\dfs\src\dfs_posix.o
LOAD build\kernel\components\dfs\src\poll.o
LOAD build\kernel\components\dfs\src\select.o
LOAD build\kernel\components\dfs\filesystems\devfs\devfs.o
LOAD build\kernel\components\dfs\filesystems\elmfat\dfs_elm.o
LOAD build\kernel\components\dfs\filesystems\elmfat\ff.o
LOAD build\kernel\components\dfs\filesystems\elmfat\ffunicode.o
LOAD build\kernel\components\drivers\cputime\cputime.o
LOAD build\kernel\components\drivers\misc\pin.o
LOAD build\kernel\components\drivers\misc\pulse_encoder.o
LOAD build\kernel\components\drivers\sdio\block_dev.o
LOAD build\kernel\components\drivers\sdio\mmcsd_core.o
LOAD build\kernel\components\drivers\sdio\sd.o
LOAD build\kernel\components\drivers\sdio\sdio.o
LOAD build\kernel\components\drivers\sdio\mmc.o
LOAD build\kernel\components\drivers\serial\serial.o
LOAD build\kernel\components\drivers\src\completion.o
LOAD build\kernel\components\drivers\src\dataqueue.o
LOAD build\kernel\components\drivers\src\pipe.o
LOAD build\kernel\components\drivers\src\ringblk_buf.o
LOAD build\kernel\components\drivers\src\ringbuffer.o
LOAD build\kernel\components\drivers\src\waitqueue.o
LOAD build\kernel\components\drivers\src\workqueue.o
LOAD build\kernel\components\drivers\usb\usbhost\core\usbhost_core.o
LOAD build\kernel\components\drivers\usb\usbhost\core\driver.o
LOAD build\kernel\components\drivers\usb\usbhost\core\usbhost.o
LOAD build\kernel\components\drivers\usb\usbhost\core\hub.o
LOAD build\kernel\components\drivers\usb\usbhost\class\mass.o
LOAD build\kernel\components\drivers\usb\usbhost\class\udisk.o
LOAD build\kernel\components\drivers\usb\usbhost\class\hid.o
LOAD build\kernel\components\drivers\usb\usbhost\class\umouse.o
LOAD build\kernel\components\finsh\shell.o
LOAD build\kernel\components\finsh\cmd.o
LOAD build\kernel\components\finsh\msh.o
LOAD build\kernel\components\finsh\msh_file.o
LOAD build\kernel\components\libc\compilers\common\time.o
LOAD build\kernel\components\libc\compilers\common\unistd.o
LOAD build\kernel\components\libc\compilers\newlib\libc.o
LOAD build\kernel\components\libc\compilers\newlib\libc_syms.o
LOAD build\kernel\components\libc\compilers\newlib\stdio.o
LOAD build\kernel\components\libc\compilers\newlib\syscalls.o
LOAD libraries\MIMXRT1050\MIMXRT1052\system_MIMXRT1052.o
LOAD libraries\MIMXRT1050\MIMXRT1052\drivers\fsl_common.o
LOAD libraries\MIMXRT1050\MIMXRT1052\drivers\fsl_clock.o
LOAD libraries\MIMXRT1050\MIMXRT1052\drivers\fsl_cache.o
LOAD libraries\MIMXRT1050\MIMXRT1052\gcc\startup_MIMXRT1052.o
LOAD libraries\MIMXRT1050\MIMXRT1052\drivers\fsl_gpio.o
LOAD libraries\MIMXRT1050\MIMXRT1052\drivers\fsl_lpuart.o
LOAD libraries\MIMXRT1050\MIMXRT1052\drivers\fsl_usdhc.o
LOAD libraries\MIMXRT1050\MIMXRT1052\drivers\fsl_enc.o
LOAD libraries\MIMXRT1050\MIMXRT1052\drivers\fsl_xbara.o
LOAD libraries\MIMXRT1050\MIMXRT1052\drivers\fsl_xbarb.o
LOAD libraries\MIMXRT1050\MIMXRT1052\drivers\fsl_os_abstraction_rtthread.o
LOAD libraries\MIMXRT1050\MIMXRT1052\drivers\generic_list.o
LOAD libraries\drivers\drv_gpio.o
LOAD libraries\drivers\drv_uart.o
LOAD libraries\drivers\drv_sdio.o
LOAD libraries\drivers\drv_pulse_encoder.o
LOAD libraries\drivers\usb\phy\usb_phy.o
LOAD libraries\drivers\drv_usbh.o
LOAD libraries\drivers\usb\host\usb_host_devices.o
LOAD libraries\drivers\usb\host\usb_host_ehci.o
LOAD libraries\drivers\usb\host\usb_host_framework.o
LOAD libraries\drivers\usb\host\usb_host_hci.o
LOAD c:/rtthread/env/tools/gnu_gcc/arm_gcc/mingw/bin/../lib/gcc/arm-none-eabi/5.4.1/../../../../arm-none-eabi/lib/armv7e-m/fpu\libc.a
LOAD c:/rtthread/env/tools/gnu_gcc/arm_gcc/mingw/bin/../lib/gcc/arm-none-eabi/5.4.1/../../../../arm-none-eabi/lib/armv7e-m/fpu\libm.a
START GROUP
LOAD c:/rtthread/env/tools/gnu_gcc/arm_gcc/mingw/bin/../lib/gcc/arm-none-eabi/5.4.1/armv7e-m/fpu\libgcc.a
LOAD c:/rtthread/env/tools/gnu_gcc/arm_gcc/mingw/bin/../lib/gcc/arm-none-eabi/5.4.1/../../../../arm-none-eabi/lib/armv7e-m/fpu\libc.a
END GROUP
                0x00002000                HEAP_SIZE = DEFINED (__heap_size__)?__heap_size__:0x2000
                0x00002000                STACK_SIZE = DEFINED (__stack_size__)?__stack_size__:0x2000

.flash_config   0x60000000      0x200
                0x60000000                . = ALIGN (0x4)
                0x60000000                __FLASH_BASE = .
 *(.boot_hdr.conf)
 .boot_hdr.conf
                0x60000000      0x200 build\xip\fsl_flexspi_nor_config.o
                0x60000000                qspiflash_config
                0x60000200                . = ALIGN (0x4)
                0x60001000                ivt_begin = (ORIGIN (m_flash_config) + LENGTH (m_flash_config))

.ivt            0x60001000       0x30
                0x60001000                . = ALIGN (0x4)
 *(.boot_hdr.ivt)
 .boot_hdr.ivt  0x60001000       0x20 build\xip\fsl_flexspi_nor_boot.o
                0x60001000                image_vector_table
 *(.boot_hdr.boot_data)
 .boot_hdr.boot_data
                0x60001020       0x10 build\xip\fsl_flexspi_nor_boot.o
                0x60001020                boot_data
 *(.boot_hdr.dcd_data)
                0x60001030                . = ALIGN (0x4)

.interrupts     0x60002000      0x400
                0x60002000                __VECTOR_TABLE = .
                0x60002000                . = ALIGN (0x4)
 *(.isr_vector)
 .isr_vector    0x60002000      0x400 libraries\MIMXRT1050\MIMXRT1052\gcc\startup_MIMXRT1052.o
                0x60002000                __isr_vector
                0x60002400                . = ALIGN (0x4)
                0x60002000                __VECTOR_RAM = __VECTOR_TABLE
                0x00000000                __RAM_VECTOR_TABLE_SIZE_BYTES = 0x0

.text           0x60002400    0x34838
                0x60002400                . = ALIGN (0x4)
 *(.text)
 .text          0x60002400      0x13c build\kernel\libcpu\arm\cortex-m7\context_gcc.o
                0x60002400                rt_hw_interrupt_disable
                0x60002408                rt_hw_interrupt_enable
                0x6000240e                rt_hw_context_switch_interrupt
                0x6000240e                rt_hw_context_switch
                0x6000242e                PendSV_Handler
                0x6000249a                rt_hw_context_switch_to
                0x600024e0                rt_hw_interrupt_thread_switch
                0x600024e4                HardFault_Handler
 .text          0x6000253c      0x204 libraries\MIMXRT1050\MIMXRT1052\gcc\startup_MIMXRT1052.o
                0x6000253c                Reset_Handler
                0x6000259c                LPI2C4_DriverIRQHandler
                0x6000259c                LPSPI2_DriverIRQHandler
                0x6000259c                SJC_IRQHandler
                0x6000259c                ADC_ETC_IRQ0_IRQHandler
                0x6000259c                DebugMon_Handler
                0x6000259c                SAI3_RX_DriverIRQHandler
                0x6000259c                PXP_IRQHandler
                0x6000259c                DMA13_DMA29_DriverIRQHandler
                0x6000259c                Reserved86_IRQHandler
                0x6000259c                SRC_IRQHandler
                0x6000259c                LPSPI4_DriverIRQHandler
                0x6000259c                Reserved143_IRQHandler
                0x6000259c                SPDIF_DriverIRQHandler
                0x6000259c                GPIO1_INT2_IRQHandler
                0x6000259c                CSI_IRQHandler
                0x6000259c                SNVS_LP_WRAPPER_IRQHandler
                0x6000259c                ENC2_IRQHandler
                0x6000259c                PWM2_2_IRQHandler
                0x6000259c                PWM1_FAULT_IRQHandler
                0x6000259c                PWM4_FAULT_IRQHandler
                0x6000259c                ENC1_IRQHandler
                0x6000259c                GPIO1_INT7_IRQHandler
                0x6000259c                CCM_1_IRQHandler
                0x6000259c                PWM1_3_IRQHandler
                0x6000259c                ADC_ETC_IRQ1_IRQHandler
                0x6000259c                XBAR1_IRQ_0_1_IRQHandler
                0x6000259c                CTI1_ERROR_IRQHandler
                0x6000259c                PWM3_FAULT_IRQHandler
                0x6000259c                LCDIF_IRQHandler
                0x6000259c                DMA7_DMA23_DriverIRQHandler
                0x6000259c                CTI0_ERROR_IRQHandler
                0x6000259c                PWM1_0_IRQHandler
                0x6000259c                Reserved68_IRQHandler
                0x6000259c                LPI2C3_DriverIRQHandler
                0x6000259c                TRNG_IRQHandler
                0x6000259c                USB_PHY2_IRQHandler
                0x6000259c                ACMP3_IRQHandler
                0x6000259c                TSC_DIG_IRQHandler
                0x6000259c                TMR4_IRQHandler
                0x6000259c                DMA3_DMA19_DriverIRQHandler
                0x6000259c                TMR1_IRQHandler
                0x6000259c                PWM2_0_IRQHandler
                0x6000259c                DCP_VMI_IRQHandler
                0x6000259c                CAN1_DriverIRQHandler
                0x6000259c                DMA14_DMA30_DriverIRQHandler
                0x6000259c                ENET_1588_Timer_DriverIRQHandler
                0x6000259c                PWM4_0_IRQHandler
                0x6000259c                PWM2_1_IRQHandler
                0x6000259c                LPSPI1_DriverIRQHandler
                0x6000259c                PWM2_FAULT_IRQHandler
                0x6000259c                FLEXIO2_DriverIRQHandler
                0x6000259c                UsageFault_Handler
                0x6000259c                WDOG1_IRQHandler
                0x6000259c                DMA_ERROR_DriverIRQHandler
                0x6000259c                PMU_EVENT_IRQHandler
                0x6000259c                GPT1_IRQHandler
                0x6000259c                DMA9_DMA25_DriverIRQHandler
                0x6000259c                PWM4_1_IRQHandler
                0x6000259c                ACMP4_IRQHandler
                0x6000259c                SEMC_IRQHandler
                0x6000259c                DMA0_DMA16_DriverIRQHandler
                0x6000259c                DefaultISR
                0x6000259c                PWM1_1_IRQHandler
                0x6000259c                LPI2C2_DriverIRQHandler
                0x6000259c                DMA2_DMA18_DriverIRQHandler
                0x6000259c                PWM3_0_IRQHandler
                0x6000259c                PWM3_3_IRQHandler
                0x6000259c                GPIO1_INT0_IRQHandler
                0x6000259c                ENC4_IRQHandler
                0x6000259c                CSU_IRQHandler
                0x6000259c                LPSPI3_DriverIRQHandler
                0x6000259c                ADC1_IRQHandler
                0x6000259c                FLEXIO1_DriverIRQHandler
                0x6000259c                ENET_DriverIRQHandler
                0x6000259c                DMA15_DMA31_DriverIRQHandler
                0x6000259c                RTWDOG_IRQHandler
                0x6000259c                USB_PHY1_IRQHandler
                0x6000259c                Reserved78_IRQHandler
                0x6000259c                SAI1_DriverIRQHandler
                0x6000259c                DMA12_DMA28_DriverIRQHandler
                0x6000259c                ENC3_IRQHandler
                0x6000259c                EWM_IRQHandler
                0x6000259c                TEMP_LOW_HIGH_IRQHandler
                0x6000259c                WDOG2_IRQHandler
                0x6000259c                GPIO1_INT5_IRQHandler
                0x6000259c                FLEXSPI_DriverIRQHandler
                0x6000259c                Reserved87_IRQHandler
                0x6000259c                PWM3_1_IRQHandler
                0x6000259c                PWM2_3_IRQHandler
                0x6000259c                GPIO1_INT3_IRQHandler
                0x6000259c                CORE_IRQHandler
                0x6000259c                DMA4_DMA20_DriverIRQHandler
                0x6000259c                BusFault_Handler
                0x6000259c                DMA10_DMA26_DriverIRQHandler
                0x6000259c                TEMP_PANIC_IRQHandler
                0x6000259c                GPIO1_INT6_IRQHandler
                0x6000259c                PWM1_2_IRQHandler
                0x6000259c                Reserved144_IRQHandler
                0x6000259c                GPR_IRQ_IRQHandler
                0x6000259c                GPC_IRQHandler
                0x6000259c                DCDC_IRQHandler
                0x6000259c                PWM4_3_IRQHandler
                0x6000259c                ACMP1_IRQHandler
                0x6000259c                DMA1_DMA17_DriverIRQHandler
                0x6000259c                CAN2_DriverIRQHandler
                0x6000259c                DMA5_DMA21_DriverIRQHandler
                0x6000259c                GPIO5_Combined_16_31_IRQHandler
                0x6000259c                TMR2_IRQHandler
                0x6000259c                ADC_ETC_ERROR_IRQ_IRQHandler
                0x6000259c                DMA8_DMA24_DriverIRQHandler
                0x6000259c                PWM4_2_IRQHandler
                0x6000259c                DMA6_DMA22_DriverIRQHandler
                0x6000259c                BEE_IRQHandler
                0x6000259c                GPIO1_INT1_IRQHandler
                0x6000259c                FLEXRAM_IRQHandler
                0x6000259c                ADC_ETC_IRQ2_IRQHandler
                0x6000259c                GPIO1_INT4_IRQHandler
                0x6000259c                CCM_2_IRQHandler
                0x6000259c                KPP_IRQHandler
                0x6000259c                GPT2_IRQHandler
                0x6000259c                ADC2_IRQHandler
                0x6000259c                MemManage_Handler
                0x6000259c                SAI2_DriverIRQHandler
                0x6000259c                ACMP2_IRQHandler
                0x6000259c                PIT_IRQHandler
                0x6000259c                Reserved115_IRQHandler
                0x6000259c                SNVS_HP_WRAPPER_IRQHandler
                0x6000259c                SNVS_HP_WRAPPER_TZ_IRQHandler
                0x6000259c                DMA11_DMA27_DriverIRQHandler
                0x6000259c                SAI3_TX_DriverIRQHandler
                0x6000259c                XBAR1_IRQ_2_3_IRQHandler
                0x6000259c                PWM3_2_IRQHandler
                0x6000259c                LPI2C1_DriverIRQHandler
                0x6000259c                DCP_IRQHandler
                0x6000259c                Reserved123_IRQHandler
                0x6000259c                TMR3_IRQHandler
                0x600025a0                NMI_Handler
                0x600025a8                SVC_Handler
                0x600025b4                DMA0_DMA16_IRQHandler
                0x600025b8                DMA1_DMA17_IRQHandler
                0x600025bc                DMA2_DMA18_IRQHandler
                0x600025c0                DMA3_DMA19_IRQHandler
                0x600025c4                DMA4_DMA20_IRQHandler
                0x600025c8                DMA5_DMA21_IRQHandler
                0x600025cc                DMA6_DMA22_IRQHandler
                0x600025d0                DMA7_DMA23_IRQHandler
                0x600025d4                DMA8_DMA24_IRQHandler
                0x600025d8                DMA9_DMA25_IRQHandler
                0x600025dc                DMA10_DMA26_IRQHandler
                0x600025e0                DMA11_DMA27_IRQHandler
                0x600025e4                DMA12_DMA28_IRQHandler
                0x600025e8                DMA13_DMA29_IRQHandler
                0x600025ec                DMA14_DMA30_IRQHandler
                0x600025f0                DMA15_DMA31_IRQHandler
                0x600025f4                DMA_ERROR_IRQHandler
                0x600025fc                LPUART2_IRQHandler
                0x60002600                LPUART3_IRQHandler
                0x60002604                LPUART4_IRQHandler
                0x60002608                LPUART5_IRQHandler
                0x6000260c                LPUART6_IRQHandler
                0x60002610                LPUART7_IRQHandler
                0x60002614                LPUART8_IRQHandler
                0x60002618                LPI2C1_IRQHandler
                0x6000261c                LPI2C2_IRQHandler
                0x60002620                LPI2C3_IRQHandler
                0x60002624                LPI2C4_IRQHandler
                0x60002628                LPSPI1_IRQHandler
                0x6000262c                LPSPI2_IRQHandler
                0x60002630                LPSPI3_IRQHandler
                0x60002634                LPSPI4_IRQHandler
                0x60002638                CAN1_IRQHandler
                0x6000263c                CAN2_IRQHandler
                0x60002640                SAI1_IRQHandler
                0x60002644                SAI2_IRQHandler
                0x60002648                SAI3_RX_IRQHandler
                0x6000264c                SAI3_TX_IRQHandler
                0x60002650                SPDIF_IRQHandler
                0x60002654                FLEXIO1_IRQHandler
                0x60002658                FLEXIO2_IRQHandler
                0x6000265c                FLEXSPI_IRQHandler
                0x60002660                USDHC1_IRQHandler
                0x60002664                USDHC2_IRQHandler
                0x60002668                ENET_IRQHandler
                0x6000266c                ENET_1588_Timer_IRQHandler
 .text          0x60002740      0x134 c:/rtthread/env/tools/gnu_gcc/arm_gcc/mingw/bin/../lib/gcc/arm-none-eabi/5.4.1/../../../../arm-none-eabi/lib/armv7e-m/fpu\libc.a(lib_a-memcpy.o)
                0x60002740                memcpy
 *fill*         0x60002874        0xc 
 .text          0x60002880      0x2dc c:/rtthread/env/tools/gnu_gcc/arm_gcc/mingw/bin/../lib/gcc/arm-none-eabi/5.4.1/../../../../arm-none-eabi/lib/armv7e-m/fpu\libc.a(lib_a-strcmp.o)
                0x60002888                strcmp
 *fill*         0x60002b5c       0x24 
 .text          0x60002b80       0xdc c:/rtthread/env/tools/gnu_gcc/arm_gcc/mingw/bin/../lib/gcc/arm-none-eabi/5.4.1/../../../../arm-none-eabi/lib/armv7e-m/fpu\libc.a(lib_a-strlen.o)
                0x60002b80                strlen
 *fill*         0x60002c5c        0x4 
 .text          0x60002c60       0xa0 c:/rtthread/env/tools/gnu_gcc/arm_gcc/mingw/bin/../lib/gcc/arm-none-eabi/5.4.1/../../../../arm-none-eabi/lib/armv7e-m/fpu\libc.a(lib_a-memchr.o)
                0x60002c60                memchr
 .text          0x60002d00      0x370 c:/rtthread/env/tools/gnu_gcc/arm_gcc/mingw/bin/../lib/gcc/arm-none-eabi/5.4.1/armv7e-m/fpu\libgcc.a(_arm_addsubdf3.o)
                0x60002d00                __aeabi_drsub
                0x60002d08                __aeabi_dsub
                0x60002d08                __subdf3
                0x60002d0c                __aeabi_dadd
                0x60002d0c                __adddf3
                0x60002f84                __floatunsidf
                0x60002f84                __aeabi_ui2d
                0x60002fa4                __floatsidf
                0x60002fa4                __aeabi_i2d
                0x60002fc8                __aeabi_f2d
                0x60002fc8                __extendsfdf2
                0x60003004                __floatundidf
                0x60003004                __aeabi_ul2d
                0x60003014                __floatdidf
                0x60003014                __aeabi_l2d
 .text          0x60003070      0x424 c:/rtthread/env/tools/gnu_gcc/arm_gcc/mingw/bin/../lib/gcc/arm-none-eabi/5.4.1/armv7e-m/fpu\libgcc.a(_arm_muldivdf3.o)
                0x60003070                __aeabi_dmul
                0x60003070                __muldf3
                0x600032c4                __divdf3
                0x600032c4                __aeabi_ddiv
 .text          0x60003494      0x110 c:/rtthread/env/tools/gnu_gcc/arm_gcc/mingw/bin/../lib/gcc/arm-none-eabi/5.4.1/armv7e-m/fpu\libgcc.a(_arm_cmpdf2.o)
                0x60003494                __gtdf2
                0x60003494                __gedf2
                0x6000349c                __ltdf2
                0x6000349c                __ledf2
                0x600034a4                __nedf2
                0x600034a4                __eqdf2
                0x600034a4                __cmpdf2
                0x60003520                __aeabi_cdrcmple
                0x60003530                __aeabi_cdcmpeq
                0x60003530                __aeabi_cdcmple
                0x60003540                __aeabi_dcmpeq
                0x60003554                __aeabi_dcmplt
                0x60003568                __aeabi_dcmple
                0x6000357c                __aeabi_dcmpge
                0x60003590                __aeabi_dcmpgt
 .text          0x600035a4       0x2c c:/rtthread/env/tools/gnu_gcc/arm_gcc/mingw/bin/../lib/gcc/arm-none-eabi/5.4.1/armv7e-m/fpu\libgcc.a(_arm_unorddf2.o)
                0x600035a4                __unorddf2
                0x600035a4                __aeabi_dcmpun
 .text          0x600035d0       0x50 c:/rtthread/env/tools/gnu_gcc/arm_gcc/mingw/bin/../lib/gcc/arm-none-eabi/5.4.1/armv7e-m/fpu\libgcc.a(_arm_fixdfsi.o)
                0x600035d0                __aeabi_d2iz
                0x600035d0                __fixdfsi
 .text          0x60003620       0x30 c:/rtthread/env/tools/gnu_gcc/arm_gcc/mingw/bin/../lib/gcc/arm-none-eabi/5.4.1/armv7e-m/fpu\libgcc.a(_aeabi_uldivmod.o)
                0x60003620                __aeabi_uldivmod
 .text          0x60003650      0x2e4 c:/rtthread/env/tools/gnu_gcc/arm_gcc/mingw/bin/../lib/gcc/arm-none-eabi/5.4.1/armv7e-m/fpu\libgcc.a(_udivmoddi4.o)
                0x60003650                __udivmoddi4
 .text          0x60003934        0x4 c:/rtthread/env/tools/gnu_gcc/arm_gcc/mingw/bin/../lib/gcc/arm-none-eabi/5.4.1/armv7e-m/fpu\libgcc.a(_dvmd_tls.o)
                0x60003934                __aeabi_idiv0
                0x60003934                __aeabi_ldiv0
 *(.text*)
 .text.main     0x60003938       0x50 build\applications\main.o
                0x60003938                main
 .text.pulse_encoder_sample
                0x60003988       0xa4 build\applications\main.o
 .text.__NVIC_SetPriorityGrouping
                0x60003a2c       0x48 build\board\board.o
 .text.__NVIC_SetPriority
                0x60003a74       0x54 build\board\board.o
 .text.ARM_MPU_Enable
                0x60003ac8       0x3c build\board\board.o
 .text.ARM_MPU_Disable
                0x60003b04       0x38 build\board\board.o
 .text.SCB_EnableICache
                0x60003b3c       0x40 build\board\board.o
 .text.SCB_DisableICache
                0x60003b7c       0x38 build\board\board.o
 .text.SCB_EnableDCache
                0x60003bb4       0x80 build\board\board.o
 .text.SCB_DisableDCache
                0x60003c34       0x68 build\board\board.o
 .text.SysTick_Config
                0x60003c9c       0x44 build\board\board.o
 .text.BOARD_ConfigMPU
                0x60003ce0       0xa4 build\board\board.o
 .text.SysTick_Handler
                0x60003d84       0x14 build\board\board.o
                0x60003d84                SysTick_Handler
 .text.rt_hw_board_init
                0x60003d98       0x54 build\board\board.o
                0x60003d98                rt_hw_board_init
 .text.CLOCK_SetMux
                0x60003dec       0xa8 build\board\MCUX_Config\clock_config.o
 .text.CLOCK_SetDiv
                0x60003e94       0xa8 build\board\MCUX_Config\clock_config.o
 .text.CLOCK_ControlGate
                0x60003f3c       0x74 build\board\MCUX_Config\clock_config.o
 .text.CLOCK_DisableClock
                0x60003fb0       0x20 build\board\MCUX_Config\clock_config.o
 .text.CLOCK_SetXtalFreq
                0x60003fd0       0x20 build\board\MCUX_Config\clock_config.o
 .text.CLOCK_SetRtcXtalFreq
                0x60003ff0       0x20 build\board\MCUX_Config\clock_config.o
 .text.CLOCK_SetPllBypass
                0x60004010       0x50 build\board\MCUX_Config\clock_config.o
 .text.IOMUXC_EnableMode
                0x60004060       0x48 build\board\MCUX_Config\clock_config.o
 .text.IOMUXC_SetSaiMClkClockSource
                0x600040a8       0x6c build\board\MCUX_Config\clock_config.o
 .text.IOMUXC_MQSConfig
                0x60004114       0x44 build\board\MCUX_Config\clock_config.o
 .text.BOARD_BootClockRUN
                0x60004158      0x5b0 build\board\MCUX_Config\clock_config.o
                0x60004158                BOARD_BootClockRUN
 .text.CLOCK_ControlGate
                0x60004708       0x74 build\board\MCUX_Config\pin_mux.o
 .text.CLOCK_EnableClock
                0x6000477c       0x20 build\board\MCUX_Config\pin_mux.o
 .text.IOMUXC_SetPinMux
                0x6000479c       0x3c build\board\MCUX_Config\pin_mux.o
 .text.IOMUXC_SetPinConfig
                0x600047d8       0x28 build\board\MCUX_Config\pin_mux.o
 .text.BOARD_InitPins
                0x60004800      0x814 build\board\MCUX_Config\pin_mux.o
                0x60004800                BOARD_InitPins
 .text.rt_tick_get
                0x60005014       0x18 build\kernel\src\clock.o
                0x60005014                rt_tick_get
 .text.rt_tick_increase
                0x6000502c       0x58 build\kernel\src\clock.o
                0x6000502c                rt_tick_increase
 .text.rt_tick_from_millisecond
                0x60005084       0x74 build\kernel\src\clock.o
                0x60005084                rt_tick_from_millisecond
 .text.rti_start
                0x600050f8       0x10 build\kernel\src\components.o
 .text.rti_board_start
                0x60005108       0x10 build\kernel\src\components.o
 .text.rti_board_end
                0x60005118       0x10 build\kernel\src\components.o
 .text.rti_end  0x60005128       0x10 build\kernel\src\components.o
 .text.rt_components_board_init
                0x60005138       0x30 build\kernel\src\components.o
                0x60005138                rt_components_board_init
 .text.rt_components_init
                0x60005168       0x30 build\kernel\src\components.o
                0x60005168                rt_components_init
 .text.entry    0x60005198       0x10 build\kernel\src\components.o
                0x60005198                entry
 .text.main_thread_entry
                0x600051a8       0x18 build\kernel\src\components.o
                0x600051a8                main_thread_entry
 .text.rt_application_init
                0x600051c0       0x4c build\kernel\src\components.o
                0x600051c0                rt_application_init
 .text.rtthread_startup
                0x6000520c       0x30 build\kernel\src\components.o
                0x6000520c                rtthread_startup
 .text.rt_list_init
                0x6000523c       0x24 build\kernel\src\device.o
 .text.rt_wqueue_init
                0x60005260       0x38 build\kernel\src\device.o
 .text.rt_device_register
                0x60005298       0x64 build\kernel\src\device.o
                0x60005298                rt_device_register
 .text.rt_device_unregister
                0x600052fc       0x6c build\kernel\src\device.o
                0x600052fc                rt_device_unregister
 .text.rt_device_find
                0x60005368       0x1c build\kernel\src\device.o
                0x60005368                rt_device_find
 .text.rt_device_init
                0x60005384       0x74 build\kernel\src\device.o
                0x60005384                rt_device_init
 .text.rt_device_open
                0x600053f8      0x11c build\kernel\src\device.o
                0x600053f8                rt_device_open
 .text.rt_device_close
                0x60005514       0x9c build\kernel\src\device.o
                0x60005514                rt_device_close
 .text.rt_device_read
                0x600055b0       0x88 build\kernel\src\device.o
                0x600055b0                rt_device_read
 .text.rt_device_write
                0x60005638       0x88 build\kernel\src\device.o
                0x60005638                rt_device_write
 .text.rt_device_control
                0x600056c0       0x68 build\kernel\src\device.o
                0x600056c0                rt_device_control
 .text.rt_device_set_rx_indicate
                0x60005728       0x54 build\kernel\src\device.o
                0x60005728                rt_device_set_rx_indicate
 .text.rt_list_remove
                0x6000577c       0x38 build\kernel\src\idle.o
 .text._has_defunct_thread
                0x600057b4       0x2c build\kernel\src\idle.o
 .text.rt_thread_idle_excute
                0x600057e0       0x88 build\kernel\src\idle.o
                0x600057e0                rt_thread_idle_excute
 .text.rt_thread_idle_entry
                0x60005868       0x3c build\kernel\src\idle.o
 .text.rt_thread_idle_init
                0x600058a4       0x74 build\kernel\src\idle.o
                0x600058a4                rt_thread_idle_init
 .text.rt_list_init
                0x60005918       0x24 build\kernel\src\ipc.o
 .text.rt_list_insert_before
                0x6000593c       0x34 build\kernel\src\ipc.o
 .text.rt_list_isempty
                0x60005970       0x24 build\kernel\src\ipc.o
 .text.rt_ipc_object_init
                0x60005994       0x1c build\kernel\src\ipc.o
 .text.rt_ipc_list_suspend
                0x600059b0       0x90 build\kernel\src\ipc.o
 .text.rt_ipc_list_resume
                0x60005a40       0x20 build\kernel\src\ipc.o
 .text.rt_ipc_list_resume_all
                0x60005a60       0x48 build\kernel\src\ipc.o
 .text.rt_sem_init
                0x60005aa8       0x68 build\kernel\src\ipc.o
                0x60005aa8                rt_sem_init
 .text.rt_sem_detach
                0x60005b10       0x74 build\kernel\src\ipc.o
                0x60005b10                rt_sem_detach
 .text.rt_sem_create
                0x60005b84       0x90 build\kernel\src\ipc.o
                0x60005b84                rt_sem_create
 .text.rt_sem_delete
                0x60005c14       0xac build\kernel\src\ipc.o
                0x60005c14                rt_sem_delete
 .text.rt_sem_take
                0x60005cc0      0x160 build\kernel\src\ipc.o
                0x60005cc0                rt_sem_take
 .text.rt_sem_release
                0x60005e20       0xbc build\kernel\src\ipc.o
                0x60005e20                rt_sem_release
 .text.rt_mutex_init
                0x60005edc       0x64 build\kernel\src\ipc.o
                0x60005edc                rt_mutex_init
 .text.rt_mutex_detach
                0x60005f40       0x7c build\kernel\src\ipc.o
                0x60005f40                rt_mutex_detach
 .text.rt_mutex_create
                0x60005fbc       0x88 build\kernel\src\ipc.o
                0x60005fbc                rt_mutex_create
 .text.rt_mutex_delete
                0x60006044       0xac build\kernel\src\ipc.o
                0x60006044                rt_mutex_delete
 .text.rt_mutex_take
                0x600060f0      0x1ec build\kernel\src\ipc.o
                0x600060f0                rt_mutex_take
 .text.rt_mutex_release
                0x600062dc      0x1bc build\kernel\src\ipc.o
                0x600062dc                rt_mutex_release
 .text.rt_event_create
                0x60006498       0x74 build\kernel\src\ipc.o
                0x60006498                rt_event_create
 .text.rt_event_delete
                0x6000650c       0xac build\kernel\src\ipc.o
                0x6000650c                rt_event_delete
 .text.rt_event_send
                0x600065b8      0x158 build\kernel\src\ipc.o
                0x600065b8                rt_event_send
 .text.rt_event_recv
                0x60006710      0x21c build\kernel\src\ipc.o
                0x60006710                rt_event_recv
 .text.rt_mb_init
                0x6000692c       0x78 build\kernel\src\ipc.o
                0x6000692c                rt_mb_init
 .text.rt_mb_send_wait
                0x600069a4      0x224 build\kernel\src\ipc.o
                0x600069a4                rt_mb_send_wait
 .text.rt_mb_send
                0x60006bc8       0x20 build\kernel\src\ipc.o
                0x60006bc8                rt_mb_send
 .text.rt_mb_recv
                0x60006be8      0x23c build\kernel\src\ipc.o
                0x60006be8                rt_mb_recv
 .text.rt_mq_create
                0x60006e24      0x10c build\kernel\src\ipc.o
                0x60006e24                rt_mq_create
 .text.rt_mq_send_wait
                0x60006f30      0x284 build\kernel\src\ipc.o
                0x60006f30                rt_mq_send_wait
 .text.rt_mq_send
                0x600071b4       0x24 build\kernel\src\ipc.o
                0x600071b4                rt_mq_send
 .text.rt_mq_recv
                0x600071d8      0x290 build\kernel\src\ipc.o
                0x600071d8                rt_mq_recv
 .text.rt_interrupt_enter
                0x60007468       0x40 build\kernel\src\irq.o
                0x60007468                rt_interrupt_enter
 .text.rt_interrupt_leave
                0x600074a8       0x40 build\kernel\src\irq.o
                0x600074a8                rt_interrupt_leave
 .text.rt_interrupt_get_nest
                0x600074e8       0x28 build\kernel\src\irq.o
                0x600074e8                rt_interrupt_get_nest
 .text.rt_set_errno
                0x60007510       0x40 build\kernel\src\kservice.o
                0x60007510                rt_set_errno
 .text._rt_errno
                0x60007550       0x34 build\kernel\src\kservice.o
                0x60007550                _rt_errno
 .text.rt_memset
                0x60007584       0xb8 build\kernel\src\kservice.o
                0x60007584                rt_memset
 .text.rt_memcpy
                0x6000763c       0xd4 build\kernel\src\kservice.o
                0x6000763c                rt_memcpy
 .text.rt_memmove
                0x60007710       0x84 build\kernel\src\kservice.o
                0x60007710                rt_memmove
 .text.rt_strncpy
                0x60007794       0x64 build\kernel\src\kservice.o
                0x60007794                rt_strncpy
 .text.rt_strncmp
                0x600077f8       0x4c build\kernel\src\kservice.o
                0x600077f8                rt_strncmp
 .text.rt_strcmp
                0x60007844       0x44 build\kernel\src\kservice.o
                0x60007844                rt_strcmp
 .text.rt_strlen
                0x60007888       0x30 build\kernel\src\kservice.o
                0x60007888                rt_strlen
 .text.rt_strdup
                0x600078b8       0x3c build\kernel\src\kservice.o
                0x600078b8                rt_strdup
 .text.rt_show_version
                0x600078f4       0x44 build\kernel\src\kservice.o
                0x600078f4                rt_show_version
 .text.divide   0x60007938       0x68 build\kernel\src\kservice.o
 .text.skip_atoi
                0x600079a0       0x40 build\kernel\src\kservice.o
 .text.print_number
                0x600079e0      0x1dc build\kernel\src\kservice.o
 .text.rt_vsnprintf
                0x60007bbc      0x548 build\kernel\src\kservice.o
                0x60007bbc                rt_vsnprintf
 .text.rt_snprintf
                0x60008104       0x30 build\kernel\src\kservice.o
                0x60008104                rt_snprintf
 .text.rt_vsprintf
                0x60008134       0x24 build\kernel\src\kservice.o
                0x60008134                rt_vsprintf
 .text.rt_sprintf
                0x60008158       0x2c build\kernel\src\kservice.o
                0x60008158                rt_sprintf
 .text.rt_console_get_device
                0x60008184       0x18 build\kernel\src\kservice.o
                0x60008184                rt_console_get_device
 .text.rt_console_set_device
                0x6000819c       0x58 build\kernel\src\kservice.o
                0x6000819c                rt_console_set_device
 .text.rt_hw_console_output
                0x600081f4       0x14 build\kernel\src\kservice.o
                0x600081f4                rt_hw_console_output
 .text.rt_kprintf
                0x60008208       0x80 build\kernel\src\kservice.o
                0x60008208                rt_kprintf
 .text.rt_malloc_align
                0x60008288       0x80 build\kernel\src\kservice.o
                0x60008288                rt_malloc_align
 .text.rt_free_align
                0x60008308       0x20 build\kernel\src\kservice.o
                0x60008308                rt_free_align
 .text.__rt_ffs
                0x60008328       0x70 build\kernel\src\kservice.o
                0x60008328                __rt_ffs
 .text.rt_assert_handler
                0x60008398       0x4c build\kernel\src\kservice.o
                0x60008398                rt_assert_handler
 .text.rt_memheap_init
                0x600083e4      0x144 build\kernel\src\memheap.o
                0x600083e4                rt_memheap_init
 .text.rt_memheap_alloc
                0x60008528      0x1f8 build\kernel\src\memheap.o
                0x60008528                rt_memheap_alloc
 .text.rt_memheap_realloc
                0x60008720      0x310 build\kernel\src\memheap.o
                0x60008720                rt_memheap_realloc
 .text.rt_memheap_free
                0x60008a30      0x1b8 build\kernel\src\memheap.o
                0x60008a30                rt_memheap_free
 .text.rt_system_heap_init
                0x60008be8       0x2c build\kernel\src\memheap.o
                0x60008be8                rt_system_heap_init
 .text.rt_malloc
                0x60008c14       0xc0 build\kernel\src\memheap.o
                0x60008c14                rt_malloc
 .text.rt_free  0x60008cd4       0x18 build\kernel\src\memheap.o
                0x60008cd4                rt_free
 .text.rt_realloc
                0x60008cec       0x9c build\kernel\src\memheap.o
                0x60008cec                rt_realloc
 .text.rt_calloc
                0x60008d88       0x38 build\kernel\src\memheap.o
                0x60008d88                rt_calloc
 .text.rt_list_insert_after
                0x60008dc0       0x34 build\kernel\src\object.o
 .text.rt_list_remove
                0x60008df4       0x38 build\kernel\src\object.o
 .text.rt_object_get_information
                0x60008e2c       0x48 build\kernel\src\object.o
                0x60008e2c                rt_object_get_information
 .text.rt_object_init
                0x60008e74       0xcc build\kernel\src\object.o
                0x60008e74                rt_object_init
 .text.rt_object_detach
                0x60008f40       0x5c build\kernel\src\object.o
                0x60008f40                rt_object_detach
 .text.rt_object_allocate
                0x60008f9c       0xd8 build\kernel\src\object.o
                0x60008f9c                rt_object_allocate
 .text.rt_object_delete
                0x60009074       0x7c build\kernel\src\object.o
                0x60009074                rt_object_delete
 .text.rt_object_is_systemobject
                0x600090f0       0x3c build\kernel\src\object.o
                0x600090f0                rt_object_is_systemobject
 .text.rt_object_get_type
                0x6000912c       0x34 build\kernel\src\object.o
                0x6000912c                rt_object_get_type
 .text.rt_object_find
                0x60009160       0xb4 build\kernel\src\object.o
                0x60009160                rt_object_find
 .text.rt_list_init
                0x60009214       0x24 build\kernel\src\scheduler.o
 .text.rt_list_insert_before
                0x60009238       0x34 build\kernel\src\scheduler.o
 .text.rt_list_remove
                0x6000926c       0x38 build\kernel\src\scheduler.o
 .text.rt_list_isempty
                0x600092a4       0x24 build\kernel\src\scheduler.o
 .text._rt_scheduler_stack_check
                0x600092c8       0x94 build\kernel\src\scheduler.o
 .text._get_highest_priority_thread
                0x6000935c       0x38 build\kernel\src\scheduler.o
 .text.rt_system_scheduler_init
                0x60009394       0x40 build\kernel\src\scheduler.o
                0x60009394                rt_system_scheduler_init
 .text.rt_system_scheduler_start
                0x600093d4       0x38 build\kernel\src\scheduler.o
                0x600093d4                rt_system_scheduler_start
 .text.rt_schedule
                0x6000940c      0x188 build\kernel\src\scheduler.o
                0x6000940c                rt_schedule
 .text.rt_schedule_insert_thread
                0x60009594       0xac build\kernel\src\scheduler.o
                0x60009594                rt_schedule_insert_thread
 .text.rt_schedule_remove_thread
                0x60009640       0x70 build\kernel\src\scheduler.o
                0x60009640                rt_schedule_remove_thread
 .text.rt_enter_critical
                0x600096b0       0x2c build\kernel\src\scheduler.o
                0x600096b0                rt_enter_critical
 .text.rt_exit_critical
                0x600096dc       0x54 build\kernel\src\scheduler.o
                0x600096dc                rt_exit_critical
 .text.rt_list_init
                0x60009730       0x24 build\kernel\src\thread.o
 .text.rt_list_insert_after
                0x60009754       0x34 build\kernel\src\thread.o
 .text.rt_list_remove
                0x60009788       0x38 build\kernel\src\thread.o
 .text._thread_cleanup_execute
                0x600097c0       0x2c build\kernel\src\thread.o
 .text.rt_thread_exit
                0x600097ec       0x68 build\kernel\src\thread.o
                0x600097ec                rt_thread_exit
 .text._rt_thread_init
                0x60009854       0xf8 build\kernel\src\thread.o
 .text.rt_thread_init
                0x6000994c       0x70 build\kernel\src\thread.o
                0x6000994c                rt_thread_init
 .text.rt_thread_self
                0x600099bc       0x18 build\kernel\src\thread.o
                0x600099bc                rt_thread_self
 .text.rt_thread_startup
                0x600099d4       0xa0 build\kernel\src\thread.o
                0x600099d4                rt_thread_startup
 .text.rt_thread_detach
                0x60009a74       0xd4 build\kernel\src\thread.o
                0x60009a74                rt_thread_detach
 .text.rt_thread_create
                0x60009b48       0x64 build\kernel\src\thread.o
                0x60009b48                rt_thread_create
 .text.rt_thread_delete
                0x60009bac       0xc0 build\kernel\src\thread.o
                0x60009bac                rt_thread_delete
 .text.rt_thread_sleep
                0x60009c6c       0x8c build\kernel\src\thread.o
                0x60009c6c                rt_thread_sleep
 .text.rt_thread_delay
                0x60009cf8       0x18 build\kernel\src\thread.o
                0x60009cf8                rt_thread_delay
 .text.rt_thread_mdelay
                0x60009d10       0x20 build\kernel\src\thread.o
                0x60009d10                rt_thread_mdelay
 .text.rt_thread_control
                0x60009d30       0xe8 build\kernel\src\thread.o
                0x60009d30                rt_thread_control
 .text.rt_thread_suspend
                0x60009e18       0xcc build\kernel\src\thread.o
                0x60009e18                rt_thread_suspend
 .text.rt_thread_resume
                0x60009ee4       0x98 build\kernel\src\thread.o
                0x60009ee4                rt_thread_resume
 .text.rt_thread_timeout
                0x60009f7c       0x84 build\kernel\src\thread.o
                0x60009f7c                rt_thread_timeout
 .text.rt_list_init
                0x6000a000       0x24 build\kernel\src\timer.o
 .text.rt_list_insert_after
                0x6000a024       0x34 build\kernel\src\timer.o
 .text.rt_list_remove
                0x6000a058       0x38 build\kernel\src\timer.o
 .text.rt_list_isempty
                0x6000a090       0x24 build\kernel\src\timer.o
 .text._rt_timer_init
                0x6000a0b4       0x68 build\kernel\src\timer.o
 .text._rt_timer_remove
                0x6000a11c       0x34 build\kernel\src\timer.o
 .text.rt_timer_init
                0x6000a150       0x48 build\kernel\src\timer.o
                0x6000a150                rt_timer_init
 .text.rt_timer_detach
                0x6000a198       0x88 build\kernel\src\timer.o
                0x6000a198                rt_timer_detach
 .text.rt_timer_start
                0x6000a220      0x1f0 build\kernel\src\timer.o
                0x6000a220                rt_timer_start
 .text.rt_timer_stop
                0x6000a410       0x94 build\kernel\src\timer.o
                0x6000a410                rt_timer_stop
 .text.rt_timer_control
                0x6000a4a4       0xd0 build\kernel\src\timer.o
                0x6000a4a4                rt_timer_control
 .text.rt_timer_check
                0x6000a574      0x108 build\kernel\src\timer.o
                0x6000a574                rt_timer_check
 .text.rt_system_timer_init
                0x6000a67c       0x34 build\kernel\src\timer.o
                0x6000a67c                rt_system_timer_init
 .text.rt_system_timer_thread_init
                0x6000a6b0       0x10 build\kernel\src\timer.o
                0x6000a6b0                rt_system_timer_thread_init
 .text.rt_hw_stack_init
                0x6000a6c0       0x90 build\kernel\libcpu\arm\cortex-m7\cpuport.o
                0x6000a6c0                rt_hw_stack_init
 .text.usage_fault_track
                0x6000a750       0xc4 build\kernel\libcpu\arm\cortex-m7\cpuport.o
 .text.bus_fault_track
                0x6000a814       0xcc build\kernel\libcpu\arm\cortex-m7\cpuport.o
 .text.mem_manage_fault_track
                0x6000a8e0       0xb4 build\kernel\libcpu\arm\cortex-m7\cpuport.o
 .text.hard_fault_track
                0x6000a994       0x78 build\kernel\libcpu\arm\cortex-m7\cpuport.o
 .text.rt_hw_hard_fault_exception
                0x6000aa0c      0x184 build\kernel\libcpu\arm\cortex-m7\cpuport.o
                0x6000aa0c                rt_hw_hard_fault_exception
 .text.dfs_init
                0x6000ab90       0x9c build\kernel\components\dfs\src\dfs.o
                0x6000ab90                dfs_init
 .text.dfs_lock
                0x6000ac2c       0x48 build\kernel\components\dfs\src\dfs.o
                0x6000ac2c                dfs_lock
 .text.dfs_unlock
                0x6000ac74       0x14 build\kernel\components\dfs\src\dfs.o
                0x6000ac74                dfs_unlock
 .text.fd_alloc
                0x6000ac88      0x10c build\kernel\components\dfs\src\dfs.o
 .text.fd_new   0x6000ad94       0x78 build\kernel\components\dfs\src\dfs.o
                0x6000ad94                fd_new
 .text.fd_get   0x6000ae0c       0x80 build\kernel\components\dfs\src\dfs.o
                0x6000ae0c                fd_get
 .text.fd_put   0x6000ae8c       0x88 build\kernel\components\dfs\src\dfs.o
                0x6000ae8c                fd_put
 .text.fd_is_open
                0x6000af14       0xe8 build\kernel\components\dfs\src\dfs.o
                0x6000af14                fd_is_open
 .text.dfs_subdir
                0x6000affc       0x50 build\kernel\components\dfs\src\dfs.o
                0x6000affc                dfs_subdir
 .text.dfs_normalize_path
                0x6000b04c      0x208 build\kernel\components\dfs\src\dfs.o
                0x6000b04c                dfs_normalize_path
 .text.dfs_fdtable_get
                0x6000b254       0x1c build\kernel\components\dfs\src\dfs.o
                0x6000b254                dfs_fdtable_get
 .text.list_fd  0x6000b270      0x148 build\kernel\components\dfs\src\dfs.o
                0x6000b270                list_fd
 .text.dfs_file_open
                0x6000b3b8      0x148 build\kernel\components\dfs\src\dfs_file.o
                0x6000b3b8                dfs_file_open
 .text.dfs_file_close
                0x6000b500       0x54 build\kernel\components\dfs\src\dfs_file.o
                0x6000b500                dfs_file_close
 .text.dfs_file_read
                0x6000b554       0x58 build\kernel\components\dfs\src\dfs_file.o
                0x6000b554                dfs_file_read
 .text.dfs_file_getdents
                0x6000b5ac       0x48 build\kernel\components\dfs\src\dfs_file.o
                0x6000b5ac                dfs_file_getdents
 .text.dfs_file_unlink
                0x6000b5f4       0xcc build\kernel\components\dfs\src\dfs_file.o
                0x6000b5f4                dfs_file_unlink
 .text.dfs_file_write
                0x6000b6c0       0x40 build\kernel\components\dfs\src\dfs_file.o
                0x6000b6c0                dfs_file_write
 .text.dfs_file_lseek
                0x6000b700       0x4c build\kernel\components\dfs\src\dfs_file.o
                0x6000b700                dfs_file_lseek
 .text.dfs_file_stat
                0x6000b74c      0x12c build\kernel\components\dfs\src\dfs_file.o
                0x6000b74c                dfs_file_stat
 .text.dfs_file_rename
                0x6000b878       0xdc build\kernel\components\dfs\src\dfs_file.o
                0x6000b878                dfs_file_rename
 .text.ls       0x6000b954      0x120 build\kernel\components\dfs\src\dfs_file.o
                0x6000b954                ls
 .text.rm       0x6000ba74       0x28 build\kernel\components\dfs\src\dfs_file.o
                0x6000ba74                rm
 .text.cat      0x6000ba9c       0x74 build\kernel\components\dfs\src\dfs_file.o
                0x6000ba9c                cat
 .text.copyfile
                0x6000bb10       0xe0 build\kernel\components\dfs\src\dfs_file.o
 .text.copydir  0x6000bbf0      0x18c build\kernel\components\dfs\src\dfs_file.o
 .text._get_path_lastname
                0x6000bd7c       0x2c build\kernel\components\dfs\src\dfs_file.o
 .text.copy     0x6000bda8      0x15c build\kernel\components\dfs\src\dfs_file.o
                0x6000bda8                copy
 .text.dfs_register
                0x6000bf04       0xc0 build\kernel\components\dfs\src\dfs_fs.o
                0x6000bf04                dfs_register
 .text.dfs_filesystem_lookup
                0x6000bfc4       0xc4 build\kernel\components\dfs\src\dfs_fs.o
                0x6000bfc4                dfs_filesystem_lookup
 .text.dfs_filesystem_get_mounted_path
                0x6000c088       0x58 build\kernel\components\dfs\src\dfs_fs.o
                0x6000c088                dfs_filesystem_get_mounted_path
 .text.dfs_filesystem_get_partition
                0x6000c0e0      0x150 build\kernel\components\dfs\src\dfs_fs.o
                0x6000c0e0                dfs_filesystem_get_partition
 .text.dfs_mount
                0x6000c230      0x244 build\kernel\components\dfs\src\dfs_fs.o
                0x6000c230                dfs_mount
 .text.dfs_unmount
                0x6000c474       0xdc build\kernel\components\dfs\src\dfs_fs.o
                0x6000c474                dfs_unmount
 .text.dfs_mkfs
                0x6000c550      0x104 build\kernel\components\dfs\src\dfs_fs.o
                0x6000c550                dfs_mkfs
 .text.dfs_statfs
                0x6000c654       0x40 build\kernel\components\dfs\src\dfs_fs.o
                0x6000c654                dfs_statfs
 .text.mkfs     0x6000c694       0x1c build\kernel\components\dfs\src\dfs_fs.o
                0x6000c694                mkfs
 .text.df       0x6000c6b0      0x190 build\kernel\components\dfs\src\dfs_fs.o
                0x6000c6b0                df
 .text.open     0x6000c840       0x6c build\kernel\components\dfs\src\dfs_posix.o
                0x6000c840                open
 .text.close    0x6000c8ac       0x54 build\kernel\components\dfs\src\dfs_posix.o
                0x6000c8ac                close
 .text.read     0x6000c900       0x5c build\kernel\components\dfs\src\dfs_posix.o
                0x6000c900                read
 .text.write    0x6000c95c       0x5c build\kernel\components\dfs\src\dfs_posix.o
                0x6000c95c                write
 .text.lseek    0x6000c9b8       0xb4 build\kernel\components\dfs\src\dfs_posix.o
                0x6000c9b8                lseek
 .text.rename   0x6000ca6c       0x30 build\kernel\components\dfs\src\dfs_posix.o
                0x6000ca6c                rename
 .text.unlink   0x6000ca9c       0x2c build\kernel\components\dfs\src\dfs_posix.o
                0x6000ca9c                unlink
 .text.stat     0x6000cac8       0x30 build\kernel\components\dfs\src\dfs_posix.o
                0x6000cac8                stat
 .text.mkdir    0x6000caf8       0x78 build\kernel\components\dfs\src\dfs_posix.o
                0x6000caf8                mkdir
 .text.opendir  0x6000cb70       0x98 build\kernel\components\dfs\src\dfs_posix.o
                0x6000cb70                opendir
 .text.readdir  0x6000cc08       0xbc build\kernel\components\dfs\src\dfs_posix.o
                0x6000cc08                readdir
 .text.rewinddir
                0x6000ccc4       0x54 build\kernel\components\dfs\src\dfs_posix.o
                0x6000ccc4                rewinddir
 .text.closedir
                0x6000cd18       0x60 build\kernel\components\dfs\src\dfs_posix.o
                0x6000cd18                closedir
 .text.chdir    0x6000cd78       0xac build\kernel\components\dfs\src\dfs_posix.o
                0x6000cd78                chdir
 .text.getcwd   0x6000ce24       0x2c build\kernel\components\dfs\src\dfs_posix.o
                0x6000ce24                getcwd
 .text.dfs_device_fs_mount
                0x6000ce50       0x1c build\kernel\components\dfs\filesystems\devfs\devfs.o
                0x6000ce50                dfs_device_fs_mount
 .text.dfs_device_fs_ioctl
                0x6000ce6c       0x60 build\kernel\components\dfs\filesystems\devfs\devfs.o
                0x6000ce6c                dfs_device_fs_ioctl
 .text.dfs_device_fs_read
                0x6000cecc       0x68 build\kernel\components\dfs\filesystems\devfs\devfs.o
                0x6000cecc                dfs_device_fs_read
 .text.dfs_device_fs_write
                0x6000cf34       0x68 build\kernel\components\dfs\filesystems\devfs\devfs.o
                0x6000cf34                dfs_device_fs_write
 .text.dfs_device_fs_close
                0x6000cf9c       0x8c build\kernel\components\dfs\filesystems\devfs\devfs.o
                0x6000cf9c                dfs_device_fs_close
 .text.dfs_device_fs_open
                0x6000d028      0x178 build\kernel\components\dfs\filesystems\devfs\devfs.o
                0x6000d028                dfs_device_fs_open
 .text.dfs_device_fs_stat
                0x6000d1a0       0xe0 build\kernel\components\dfs\filesystems\devfs\devfs.o
                0x6000d1a0                dfs_device_fs_stat
 .text.dfs_device_fs_getdents
                0x6000d280       0xdc build\kernel\components\dfs\filesystems\devfs\devfs.o
                0x6000d280                dfs_device_fs_getdents
 .text.dfs_device_fs_poll
                0x6000d35c       0x1c build\kernel\components\dfs\filesystems\devfs\devfs.o
 .text.devfs_init
                0x6000d378       0x14 build\kernel\components\dfs\filesystems\devfs\devfs.o
                0x6000d378                devfs_init
 .text.elm_result_to_dfs
                0x6000d38c       0xa0 build\kernel\components\dfs\filesystems\elmfat\dfs_elm.o
 .text.get_disk
                0x6000d42c       0x40 build\kernel\components\dfs\filesystems\elmfat\dfs_elm.o
 .text.dfs_elm_mount
                0x6000d46c      0x15c build\kernel\components\dfs\filesystems\elmfat\dfs_elm.o
                0x6000d46c                dfs_elm_mount
 .text.dfs_elm_unmount
                0x6000d5c8       0xa4 build\kernel\components\dfs\filesystems\elmfat\dfs_elm.o
                0x6000d5c8                dfs_elm_unmount
 .text.dfs_elm_mkfs
                0x6000d66c      0x164 build\kernel\components\dfs\filesystems\elmfat\dfs_elm.o
                0x6000d66c                dfs_elm_mkfs
 .text.dfs_elm_statfs
                0x6000d7d0       0xb8 build\kernel\components\dfs\filesystems\elmfat\dfs_elm.o
                0x6000d7d0                dfs_elm_statfs
 .text.dfs_elm_open
                0x6000d888      0x1f8 build\kernel\components\dfs\filesystems\elmfat\dfs_elm.o
                0x6000d888                dfs_elm_open
 .text.dfs_elm_close
                0x6000da80       0x88 build\kernel\components\dfs\filesystems\elmfat\dfs_elm.o
                0x6000da80                dfs_elm_close
 .text.dfs_elm_ioctl
                0x6000db08       0x90 build\kernel\components\dfs\filesystems\elmfat\dfs_elm.o
                0x6000db08                dfs_elm_ioctl
 .text.dfs_elm_read
                0x6000db98       0x74 build\kernel\components\dfs\filesystems\elmfat\dfs_elm.o
                0x6000db98                dfs_elm_read
 .text.dfs_elm_write
                0x6000dc0c       0x7c build\kernel\components\dfs\filesystems\elmfat\dfs_elm.o
                0x6000dc0c                dfs_elm_write
 .text.dfs_elm_flush
                0x6000dc88       0x44 build\kernel\components\dfs\filesystems\elmfat\dfs_elm.o
                0x6000dc88                dfs_elm_flush
 .text.dfs_elm_lseek
                0x6000dccc       0xbc build\kernel\components\dfs\filesystems\elmfat\dfs_elm.o
                0x6000dccc                dfs_elm_lseek
 .text.dfs_elm_getdents
                0x6000dd88      0x1a0 build\kernel\components\dfs\filesystems\elmfat\dfs_elm.o
                0x6000dd88                dfs_elm_getdents
 .text.dfs_elm_unlink
                0x6000df28       0x70 build\kernel\components\dfs\filesystems\elmfat\dfs_elm.o
                0x6000df28                dfs_elm_unlink
 .text.dfs_elm_rename
                0x6000df98       0x78 build\kernel\components\dfs\filesystems\elmfat\dfs_elm.o
                0x6000df98                dfs_elm_rename
 .text.dfs_elm_stat
                0x6000e010      0x204 build\kernel\components\dfs\filesystems\elmfat\dfs_elm.o
                0x6000e010                dfs_elm_stat
 .text.elm_init
                0x6000e214       0x14 build\kernel\components\dfs\filesystems\elmfat\dfs_elm.o
                0x6000e214                elm_init
 .text.disk_initialize
                0x6000e228       0x18 build\kernel\components\dfs\filesystems\elmfat\dfs_elm.o
                0x6000e228                disk_initialize
 .text.disk_status
                0x6000e240       0x18 build\kernel\components\dfs\filesystems\elmfat\dfs_elm.o
                0x6000e240                disk_status
 .text.disk_read
                0x6000e258       0x44 build\kernel\components\dfs\filesystems\elmfat\dfs_elm.o
                0x6000e258                disk_read
 .text.disk_write
                0x6000e29c       0x44 build\kernel\components\dfs\filesystems\elmfat\dfs_elm.o
                0x6000e29c                disk_write
 .text.disk_ioctl
                0x6000e2e0       0xe4 build\kernel\components\dfs\filesystems\elmfat\dfs_elm.o
                0x6000e2e0                disk_ioctl
 .text.get_fattime
                0x6000e3c4       0x68 build\kernel\components\dfs\filesystems\elmfat\dfs_elm.o
                0x6000e3c4                get_fattime
 .text.ff_cre_syncobj
                0x6000e42c       0x48 build\kernel\components\dfs\filesystems\elmfat\dfs_elm.o
                0x6000e42c                ff_cre_syncobj
 .text.ff_del_syncobj
                0x6000e474       0x20 build\kernel\components\dfs\filesystems\elmfat\dfs_elm.o
                0x6000e474                ff_del_syncobj
 .text.ff_req_grant
                0x6000e494       0x28 build\kernel\components\dfs\filesystems\elmfat\dfs_elm.o
                0x6000e494                ff_req_grant
 .text.ff_rel_grant
                0x6000e4bc       0x18 build\kernel\components\dfs\filesystems\elmfat\dfs_elm.o
                0x6000e4bc                ff_rel_grant
 .text.ff_memalloc
                0x6000e4d4       0x18 build\kernel\components\dfs\filesystems\elmfat\dfs_elm.o
                0x6000e4d4                ff_memalloc
 .text.ff_memfree
                0x6000e4ec       0x18 build\kernel\components\dfs\filesystems\elmfat\dfs_elm.o
                0x6000e4ec                ff_memfree
 .text.ld_word  0x6000e504       0x30 build\kernel\components\dfs\filesystems\elmfat\ff.o
 .text.ld_dword
                0x6000e534       0x48 build\kernel\components\dfs\filesystems\elmfat\ff.o
 .text.st_word  0x6000e57c       0x38 build\kernel\components\dfs\filesystems\elmfat\ff.o
 .text.st_dword
                0x6000e5b4       0x58 build\kernel\components\dfs\filesystems\elmfat\ff.o
 .text.mem_cpy  0x6000e60c       0x44 build\kernel\components\dfs\filesystems\elmfat\ff.o
 .text.mem_set  0x6000e650       0x34 build\kernel\components\dfs\filesystems\elmfat\ff.o
 .text.mem_cmp  0x6000e684       0x50 build\kernel\components\dfs\filesystems\elmfat\ff.o
 .text.chk_chr  0x6000e6d4       0x38 build\kernel\components\dfs\filesystems\elmfat\ff.o
 .text.dbc_1st  0x6000e70c       0x24 build\kernel\components\dfs\filesystems\elmfat\ff.o
 .text.dbc_2nd  0x6000e730       0x24 build\kernel\components\dfs\filesystems\elmfat\ff.o
 .text.tchar2uni
                0x6000e754       0x8c build\kernel\components\dfs\filesystems\elmfat\ff.o
 .text.put_utf  0x6000e7e0       0x70 build\kernel\components\dfs\filesystems\elmfat\ff.o
 .text.lock_fs  0x6000e850       0x1c build\kernel\components\dfs\filesystems\elmfat\ff.o
 .text.unlock_fs
                0x6000e86c       0x38 build\kernel\components\dfs\filesystems\elmfat\ff.o
 .text.sync_window
                0x6000e8a4       0x78 build\kernel\components\dfs\filesystems\elmfat\ff.o
 .text.move_window
                0x6000e91c       0x5c build\kernel\components\dfs\filesystems\elmfat\ff.o
 .text.sync_fs  0x6000e978       0xdc build\kernel\components\dfs\filesystems\elmfat\ff.o
 .text.clst2sect
                0x6000ea54       0x40 build\kernel\components\dfs\filesystems\elmfat\ff.o
 .text.get_fat  0x6000ea94      0x14c build\kernel\components\dfs\filesystems\elmfat\ff.o
 .text.put_fat  0x6000ebe0      0x1d0 build\kernel\components\dfs\filesystems\elmfat\ff.o
 .text.remove_chain
                0x6000edb0       0xcc build\kernel\components\dfs\filesystems\elmfat\ff.o
 .text.create_chain
                0x6000ee7c      0x1a4 build\kernel\components\dfs\filesystems\elmfat\ff.o
 .text.clmt_clust
                0x6000f020       0x68 build\kernel\components\dfs\filesystems\elmfat\ff.o
 .text.dir_clear
                0x6000f088      0x118 build\kernel\components\dfs\filesystems\elmfat\ff.o
 .text.dir_sdi  0x6000f1a0       0xf8 build\kernel\components\dfs\filesystems\elmfat\ff.o
 .text.dir_next
                0x6000f298      0x12c build\kernel\components\dfs\filesystems\elmfat\ff.o
 .text.dir_alloc
                0x6000f3c4       0x90 build\kernel\components\dfs\filesystems\elmfat\ff.o
 .text.ld_clust
                0x6000f454       0x40 build\kernel\components\dfs\filesystems\elmfat\ff.o
 .text.st_clust
                0x6000f494       0x40 build\kernel\components\dfs\filesystems\elmfat\ff.o
 .text.cmp_lfn  0x6000f4d4       0xdc build\kernel\components\dfs\filesystems\elmfat\ff.o
 .text.pick_lfn
                0x6000f5b0       0xcc build\kernel\components\dfs\filesystems\elmfat\ff.o
 .text.put_lfn  0x6000f67c       0xd0 build\kernel\components\dfs\filesystems\elmfat\ff.o
 .text.gen_numname
                0x6000f74c      0x144 build\kernel\components\dfs\filesystems\elmfat\ff.o
 .text.sum_sfn  0x6000f890       0x44 build\kernel\components\dfs\filesystems\elmfat\ff.o
 .text.dir_read
                0x6000f8d4      0x150 build\kernel\components\dfs\filesystems\elmfat\ff.o
 .text.dir_find
                0x6000fa24      0x180 build\kernel\components\dfs\filesystems\elmfat\ff.o
 .text.dir_register
                0x6000fba4      0x1f0 build\kernel\components\dfs\filesystems\elmfat\ff.o
 .text.dir_remove
                0x6000fd94       0x94 build\kernel\components\dfs\filesystems\elmfat\ff.o
 .text.get_fileinfo
                0x6000fe28      0x230 build\kernel\components\dfs\filesystems\elmfat\ff.o
 .text.create_name
                0x60010058      0x3b0 build\kernel\components\dfs\filesystems\elmfat\ff.o
 .text.follow_path
                0x60010408       0xe0 build\kernel\components\dfs\filesystems\elmfat\ff.o
 .text.get_ldnumber
                0x600104e8       0x8c build\kernel\components\dfs\filesystems\elmfat\ff.o
 .text.check_fs
                0x60010574      0x118 build\kernel\components\dfs\filesystems\elmfat\ff.o
 .text.find_volume
                0x6001068c       0xc4 build\kernel\components\dfs\filesystems\elmfat\ff.o
 .text.mount_volume
                0x60010750      0x40c build\kernel\components\dfs\filesystems\elmfat\ff.o
 .text.validate
                0x60010b5c       0x90 build\kernel\components\dfs\filesystems\elmfat\ff.o
 .text.f_mount  0x60010bec       0xbc build\kernel\components\dfs\filesystems\elmfat\ff.o
                0x60010bec                f_mount
 .text.f_open   0x60010ca8      0x344 build\kernel\components\dfs\filesystems\elmfat\ff.o
                0x60010ca8                f_open
 .text.f_read   0x60010fec      0x2dc build\kernel\components\dfs\filesystems\elmfat\ff.o
                0x60010fec                f_read
 .text.f_write  0x600112c8      0x348 build\kernel\components\dfs\filesystems\elmfat\ff.o
                0x600112c8                f_write
 .text.f_sync   0x60011610      0x114 build\kernel\components\dfs\filesystems\elmfat\ff.o
                0x60011610                f_sync
 .text.f_close  0x60011724       0x4c build\kernel\components\dfs\filesystems\elmfat\ff.o
                0x60011724                f_close
 .text.f_lseek  0x60011770      0x4a8 build\kernel\components\dfs\filesystems\elmfat\ff.o
                0x60011770                f_lseek
 .text.f_opendir
                0x60011c18       0xe8 build\kernel\components\dfs\filesystems\elmfat\ff.o
                0x60011c18                f_opendir
 .text.f_readdir
                0x60011d00       0xb0 build\kernel\components\dfs\filesystems\elmfat\ff.o
                0x60011d00                f_readdir
 .text.f_seekdir
                0x60011db0       0x60 build\kernel\components\dfs\filesystems\elmfat\ff.o
                0x60011db0                f_seekdir
 .text.f_stat   0x60011e10       0xac build\kernel\components\dfs\filesystems\elmfat\ff.o
                0x60011e10                f_stat
 .text.f_getfree
                0x60011ebc      0x178 build\kernel\components\dfs\filesystems\elmfat\ff.o
                0x60011ebc                f_getfree
 .text.f_truncate
                0x60012034      0x158 build\kernel\components\dfs\filesystems\elmfat\ff.o
                0x60012034                f_truncate
 .text.f_unlink
                0x6001218c      0x174 build\kernel\components\dfs\filesystems\elmfat\ff.o
                0x6001218c                f_unlink
 .text.f_mkdir  0x60012300      0x1d4 build\kernel\components\dfs\filesystems\elmfat\ff.o
                0x60012300                f_mkdir
 .text.f_rename
                0x600124d4      0x234 build\kernel\components\dfs\filesystems\elmfat\ff.o
                0x600124d4                f_rename
 .text.create_partition
                0x60012708      0x248 build\kernel\components\dfs\filesystems\elmfat\ff.o
 .text.f_mkfs   0x60012950      0x934 build\kernel\components\dfs\filesystems\elmfat\ff.o
                0x60012950                f_mkfs
 .text.elm_get_vol
                0x60013284       0x40 build\kernel\components\dfs\filesystems\elmfat\ff.o
                0x60013284                elm_get_vol
 .text.ff_uni2oem
                0x600132c4       0x74 build\kernel\components\dfs\filesystems\elmfat\ffunicode.o
                0x600132c4                ff_uni2oem
 .text.ff_oem2uni
                0x60013338       0x5c build\kernel\components\dfs\filesystems\elmfat\ffunicode.o
                0x60013338                ff_oem2uni
 .text.ff_wtoupper
                0x60013394      0x124 build\kernel\components\dfs\filesystems\elmfat\ffunicode.o
                0x60013394                ff_wtoupper
 .text._pin_read
                0x600134b8       0x60 build\kernel\components\drivers\misc\pin.o
 .text._pin_write
                0x60013518       0x5c build\kernel\components\drivers\misc\pin.o
 .text._pin_control
                0x60013574       0x58 build\kernel\components\drivers\misc\pin.o
 .text.rt_device_pin_register
                0x600135cc       0x74 build\kernel\components\drivers\misc\pin.o
                0x600135cc                rt_device_pin_register
 .text.rt_pin_mode
                0x60013640       0x40 build\kernel\components\drivers\misc\pin.o
                0x60013640                rt_pin_mode
 .text.rt_pin_write
                0x60013680       0x40 build\kernel\components\drivers\misc\pin.o
                0x60013680                rt_pin_write
 .text.rt_pin_read
                0x600136c0       0x3c build\kernel\components\drivers\misc\pin.o
                0x600136c0                rt_pin_read
 .text.rt_pin_get
                0x600136fc       0x60 build\kernel\components\drivers\misc\pin.o
                0x600136fc                rt_pin_get
 .text.rt_pulse_encoder_init
                0x6001375c       0x30 build\kernel\components\drivers\misc\pulse_encoder.o
 .text.rt_pulse_encoder_open
                0x6001378c       0x38 build\kernel\components\drivers\misc\pulse_encoder.o
 .text.rt_pulse_encoder_close
                0x600137c4       0x34 build\kernel\components\drivers\misc\pulse_encoder.o
 .text.rt_pulse_encoder_read
                0x600137f8       0x38 build\kernel\components\drivers\misc\pulse_encoder.o
 .text.rt_pulse_encoder_control
                0x60013830       0x74 build\kernel\components\drivers\misc\pulse_encoder.o
 .text.rt_device_pulse_encoder_register
                0x600138a4       0xa4 build\kernel\components\drivers\misc\pulse_encoder.o
                0x600138a4                rt_device_pulse_encoder_register
 .text.rt_list_insert_after
                0x60013948       0x34 build\kernel\components\drivers\sdio\block_dev.o
 .text.rt_list_remove
                0x6001397c       0x38 build\kernel\components\drivers\sdio\block_dev.o
 .text.rt_mmcsd_req_blk
                0x600139b4      0x204 build\kernel\components\drivers\sdio\block_dev.o
 .text.rt_mmcsd_init
                0x60013bb8       0x18 build\kernel\components\drivers\sdio\block_dev.o
 .text.rt_mmcsd_open
                0x60013bd0       0x1c build\kernel\components\drivers\sdio\block_dev.o
 .text.rt_mmcsd_close
                0x60013bec       0x18 build\kernel\components\drivers\sdio\block_dev.o
 .text.rt_mmcsd_control
                0x60013c04       0x34 build\kernel\components\drivers\sdio\block_dev.o
 .text.rt_mmcsd_read
                0x60013c38       0xd4 build\kernel\components\drivers\sdio\block_dev.o
 .text.rt_mmcsd_write
                0x60013d0c       0xd4 build\kernel\components\drivers\sdio\block_dev.o
 .text.mmcsd_set_blksize
                0x60013de0       0x88 build\kernel\components\drivers\sdio\block_dev.o
 .text.rt_mmcsd_blk_probe
                0x60013e68      0x298 build\kernel\components\drivers\sdio\block_dev.o
                0x60013e68                rt_mmcsd_blk_probe
 .text.rt_mmcsd_blk_remove
                0x60014100       0x7c build\kernel\components\drivers\sdio\block_dev.o
                0x60014100                rt_mmcsd_blk_remove
 .text.mmcsd_delay_ms
                0x6001417c       0x34 build\kernel\components\drivers\sdio\mmcsd_core.o
 .text.__rt_fls
                0x600141b0       0x8c build\kernel\components\drivers\sdio\mmcsd_core.o
 .text.mmcsd_host_lock
                0x6001423c       0x20 build\kernel\components\drivers\sdio\mmcsd_core.o
                0x6001423c                mmcsd_host_lock
 .text.mmcsd_host_unlock
                0x6001425c       0x1c build\kernel\components\drivers\sdio\mmcsd_core.o
                0x6001425c                mmcsd_host_unlock
 .text.mmcsd_req_complete
                0x60014278       0x1c build\kernel\components\drivers\sdio\mmcsd_core.o
                0x60014278                mmcsd_req_complete
 .text.mmcsd_send_request
                0x60014294       0xa0 build\kernel\components\drivers\sdio\mmcsd_core.o
                0x60014294                mmcsd_send_request
 .text.mmcsd_send_cmd
                0x60014334       0x50 build\kernel\components\drivers\sdio\mmcsd_core.o
                0x60014334                mmcsd_send_cmd
 .text.mmcsd_go_idle
                0x60014384       0x78 build\kernel\components\drivers\sdio\mmcsd_core.o
                0x60014384                mmcsd_go_idle
 .text.mmcsd_spi_read_ocr
                0x600143fc       0x54 build\kernel\components\drivers\sdio\mmcsd_core.o
                0x600143fc                mmcsd_spi_read_ocr
 .text.mmcsd_all_get_cid
                0x60014450       0x58 build\kernel\components\drivers\sdio\mmcsd_core.o
                0x60014450                mmcsd_all_get_cid
 .text.mmcsd_get_cid
                0x600144a8      0x15c build\kernel\components\drivers\sdio\mmcsd_core.o
                0x600144a8                mmcsd_get_cid
 .text.mmcsd_get_csd
                0x60014604      0x154 build\kernel\components\drivers\sdio\mmcsd_core.o
                0x60014604                mmcsd_get_csd
 .text._mmcsd_select_card
                0x60014758       0x5c build\kernel\components\drivers\sdio\mmcsd_core.o
 .text.mmcsd_select_card
                0x600147b4       0x20 build\kernel\components\drivers\sdio\mmcsd_core.o
                0x600147b4                mmcsd_select_card
 .text.mmcsd_spi_use_crc
                0x600147d4       0x4c build\kernel\components\drivers\sdio\mmcsd_core.o
                0x600147d4                mmcsd_spi_use_crc
 .text.mmcsd_set_iocfg
                0x60014820       0x24 build\kernel\components\drivers\sdio\mmcsd_core.o
 .text.mmcsd_set_chip_select
                0x60014844       0x20 build\kernel\components\drivers\sdio\mmcsd_core.o
                0x60014844                mmcsd_set_chip_select
 .text.mmcsd_set_clock
                0x60014864       0x48 build\kernel\components\drivers\sdio\mmcsd_core.o
                0x60014864                mmcsd_set_clock
 .text.mmcsd_set_bus_mode
                0x600148ac       0x20 build\kernel\components\drivers\sdio\mmcsd_core.o
                0x600148ac                mmcsd_set_bus_mode
 .text.mmcsd_set_bus_width
                0x600148cc       0x20 build\kernel\components\drivers\sdio\mmcsd_core.o
                0x600148cc                mmcsd_set_bus_width
 .text.mmcsd_set_data_timeout
                0x600148ec      0x14c build\kernel\components\drivers\sdio\mmcsd_core.o
                0x600148ec                mmcsd_set_data_timeout
 .text.mmcsd_select_voltage
                0x60014a38       0x78 build\kernel\components\drivers\sdio\mmcsd_core.o
                0x60014a38                mmcsd_select_voltage
 .text.mmcsd_power_up
                0x60014ab0       0x80 build\kernel\components\drivers\sdio\mmcsd_core.o
 .text.mmcsd_power_off
                0x60014b30       0x48 build\kernel\components\drivers\sdio\mmcsd_core.o
 .text.mmcsd_change
                0x60014b78       0x20 build\kernel\components\drivers\sdio\mmcsd_core.o
                0x60014b78                mmcsd_change
 .text.mmcsd_detect
                0x60014b98      0x184 build\kernel\components\drivers\sdio\mmcsd_core.o
                0x60014b98                mmcsd_detect
 .text.mmcsd_alloc_host
                0x60014d1c       0x90 build\kernel\components\drivers\sdio\mmcsd_core.o
                0x60014d1c                mmcsd_alloc_host
 .text.mmcsd_free_host
                0x60014dac       0x2c build\kernel\components\drivers\sdio\mmcsd_core.o
                0x60014dac                mmcsd_free_host
 .text.rt_mmcsd_core_init
                0x60014dd8       0xb8 build\kernel\components\drivers\sdio\mmcsd_core.o
                0x60014dd8                rt_mmcsd_core_init
 .text.mmcsd_delay_ms
                0x60014e90       0x34 build\kernel\components\drivers\sdio\sd.o
 .text.GET_BITS
                0x60014ec4       0x9c build\kernel\components\drivers\sdio\sd.o
 .text.mmcsd_parse_csd
                0x60014f60      0x3ac build\kernel\components\drivers\sdio\sd.o
 .text.mmcsd_parse_scr
                0x6001530c       0x50 build\kernel\components\drivers\sdio\sd.o
 .text.mmcsd_switch
                0x6001535c      0x1d0 build\kernel\components\drivers\sdio\sd.o
 .text.mmcsd_app_cmd
                0x6001552c       0x78 build\kernel\components\drivers\sdio\sd.o
 .text.mmcsd_send_app_cmd
                0x600155a4       0xc8 build\kernel\components\drivers\sdio\sd.o
                0x600155a4                mmcsd_send_app_cmd
 .text.mmcsd_app_set_bus_width
                0x6001566c       0x64 build\kernel\components\drivers\sdio\sd.o
                0x6001566c                mmcsd_app_set_bus_width
 .text.mmcsd_send_app_op_cond
                0x600156d0       0xc8 build\kernel\components\drivers\sdio\sd.o
                0x600156d0                mmcsd_send_app_op_cond
 .text.mmcsd_send_if_cond
                0x60015798       0x78 build\kernel\components\drivers\sdio\sd.o
                0x60015798                mmcsd_send_if_cond
 .text.mmcsd_get_card_addr
                0x60015810       0x50 build\kernel\components\drivers\sdio\sd.o
                0x60015810                mmcsd_get_card_addr
 .text.mmcsd_get_scr
                0x60015860      0x10c build\kernel\components\drivers\sdio\sd.o
                0x60015860                mmcsd_get_scr
 .text.mmcsd_sd_init_card
                0x6001596c      0x224 build\kernel\components\drivers\sdio\sd.o
 .text.init_sd  0x60015b90       0xe0 build\kernel\components\drivers\sdio\sd.o
                0x60015b90                init_sd
 .text.rt_list_insert_after
                0x60015c70       0x34 build\kernel\components\drivers\sdio\sdio.o
 .text.rt_list_isempty
                0x60015ca4       0x24 build\kernel\components\drivers\sdio\sdio.o
 .text.mmcsd_delay_ms
                0x60015cc8       0x34 build\kernel\components\drivers\sdio\sdio.o
 .text.sdio_io_send_op_cond
                0x60015cfc       0xd8 build\kernel\components\drivers\sdio\sdio.o
                0x60015cfc                sdio_io_send_op_cond
 .text.sdio_io_rw_direct
                0x60015dd4      0x154 build\kernel\components\drivers\sdio\sdio.o
                0x60015dd4                sdio_io_rw_direct
 .text.sdio_io_readb
                0x60015f28       0x44 build\kernel\components\drivers\sdio\sdio.o
                0x60015f28                sdio_io_readb
 .text.sdio_io_writeb
                0x60015f6c       0x34 build\kernel\components\drivers\sdio\sdio.o
                0x60015f6c                sdio_io_writeb
 .text.sdio_read_cccr
                0x60015fa0      0x174 build\kernel\components\drivers\sdio\sdio.o
 .text.cistpl_funce_func0
                0x60016114       0x80 build\kernel\components\drivers\sdio\sdio.o
 .text.cistpl_funce_func
                0x60016194       0x90 build\kernel\components\drivers\sdio\sdio.o
 .text.sdio_read_cis
                0x60016224      0x29c build\kernel\components\drivers\sdio\sdio.o
 .text.sdio_free_cis
                0x600164c0       0x50 build\kernel\components\drivers\sdio\sdio.o
                0x600164c0                sdio_free_cis
 .text.sdio_read_fbr
                0x60016510       0x74 build\kernel\components\drivers\sdio\sdio.o
 .text.sdio_initialize_function
                0x60016584       0xe4 build\kernel\components\drivers\sdio\sdio.o
 .text.sdio_set_highspeed
                0x60016668       0x8c build\kernel\components\drivers\sdio\sdio.o
 .text.sdio_set_bus_wide
                0x600166f4       0x98 build\kernel\components\drivers\sdio\sdio.o
 .text.sdio_register_card
                0x6001678c       0xa8 build\kernel\components\drivers\sdio\sdio.o
 .text.sdio_init_card
                0x60016834      0x304 build\kernel\components\drivers\sdio\sdio.o
 .text.init_sdio
                0x60016b38       0xe0 build\kernel\components\drivers\sdio\sdio.o
                0x60016b38                init_sdio
 .text.sdio_match_card
                0x60016c18       0x74 build\kernel\components\drivers\sdio\sdio.o
 .text.rt_sdio_init
                0x60016c8c       0x10 build\kernel\components\drivers\sdio\sdio.o
                0x60016c8c                rt_sdio_init
 .text.mmcsd_delay_ms
                0x60016c9c       0x34 build\kernel\components\drivers\sdio\mmc.o
 .text.GET_BITS
                0x60016cd0       0x9c build\kernel\components\drivers\sdio\mmc.o
 .text.mmcsd_parse_csd
                0x60016d6c      0x244 build\kernel\components\drivers\sdio\mmc.o
 .text.mmc_get_ext_csd
                0x60016fb0       0xf0 build\kernel\components\drivers\sdio\mmc.o
 .text.mmc_parse_ext_csd
                0x600170a0       0xdc build\kernel\components\drivers\sdio\mmc.o
 .text.mmc_switch
                0x6001717c       0x70 build\kernel\components\drivers\sdio\mmc.o
 .text.mmc_compare_ext_csds
                0x600171ec      0x210 build\kernel\components\drivers\sdio\mmc.o
 .text.mmc_select_bus_width
                0x600173fc      0x188 build\kernel\components\drivers\sdio\mmc.o
 .text.mmc_send_op_cond
                0x60017584       0xc0 build\kernel\components\drivers\sdio\mmc.o
                0x60017584                mmc_send_op_cond
 .text.mmc_set_card_addr
                0x60017644       0x4c build\kernel\components\drivers\sdio\mmc.o
 .text.mmcsd_mmc_init_card
                0x60017690      0x210 build\kernel\components\drivers\sdio\mmc.o
 .text.init_mmc
                0x600178a0       0xc8 build\kernel\components\drivers\sdio\mmc.o
                0x600178a0                init_mmc
 .text.rt_poll_add
                0x60017968       0x30 build\kernel\components\drivers\serial\serial.o
 .text.serial_fops_rx_ind
                0x60017998       0x20 build\kernel\components\drivers\serial\serial.o
 .text.serial_fops_open
                0x600179b8       0xbc build\kernel\components\drivers\serial\serial.o
 .text.serial_fops_close
                0x60017a74       0x28 build\kernel\components\drivers\serial\serial.o
 .text.serial_fops_ioctl
                0x60017a9c       0x40 build\kernel\components\drivers\serial\serial.o
 .text.serial_fops_read
                0x60017adc       0x64 build\kernel\components\drivers\serial\serial.o
 .text.serial_fops_write
                0x60017b40       0x2c build\kernel\components\drivers\serial\serial.o
 .text.serial_fops_poll
                0x60017b6c       0x9c build\kernel\components\drivers\serial\serial.o
 .text._serial_poll_rx
                0x60017c08       0x80 build\kernel\components\drivers\serial\serial.o
 .text._serial_poll_tx
                0x60017c88       0x7c build\kernel\components\drivers\serial\serial.o
 .text._serial_int_rx
                0x60017d04       0xd8 build\kernel\components\drivers\serial\serial.o
 .text._serial_int_tx
                0x60017ddc       0xc4 build\kernel\components\drivers\serial\serial.o
 .text._serial_check_buffer_size
                0x60017ea0       0x38 build\kernel\components\drivers\serial\serial.o
 .text._serial_fifo_calc_recved_len
                0x60017ed8       0x88 build\kernel\components\drivers\serial\serial.o
 .text.rt_dma_calc_recved_len
                0x60017f60       0x18 build\kernel\components\drivers\serial\serial.o
 .text.rt_dma_recv_update_get_index
                0x60017f78       0xa4 build\kernel\components\drivers\serial\serial.o
 .text.rt_dma_recv_update_put_index
                0x6001801c       0xf8 build\kernel\components\drivers\serial\serial.o
 .text._serial_dma_rx
                0x60018114      0x198 build\kernel\components\drivers\serial\serial.o
 .text._serial_dma_tx
                0x600182ac       0x70 build\kernel\components\drivers\serial\serial.o
 .text.rt_serial_init
                0x6001831c       0x5c build\kernel\components\drivers\serial\serial.o
 .text.rt_serial_open
                0x60018378      0x36c build\kernel\components\drivers\serial\serial.o
 .text.rt_serial_close
                0x600186e4      0x1e0 build\kernel\components\drivers\serial\serial.o
 .text.rt_serial_read
                0x600188c4       0x84 build\kernel\components\drivers\serial\serial.o
 .text.rt_serial_write
                0x60018948       0x84 build\kernel\components\drivers\serial\serial.o
 .text.rt_serial_control
                0x600189cc      0x100 build\kernel\components\drivers\serial\serial.o
 .text.rt_hw_serial_register
                0x60018acc       0xa4 build\kernel\components\drivers\serial\serial.o
                0x60018acc                rt_hw_serial_register
 .text.rt_hw_serial_isr
                0x60018b70      0x264 build\kernel\components\drivers\serial\serial.o
                0x60018b70                rt_hw_serial_isr
 .text.rt_list_init
                0x60018dd4       0x24 build\kernel\components\drivers\src\completion.o
 .text.rt_list_insert_before
                0x60018df8       0x34 build\kernel\components\drivers\src\completion.o
 .text.rt_list_isempty
                0x60018e2c       0x24 build\kernel\components\drivers\src\completion.o
 .text.rt_completion_init
                0x60018e50       0x44 build\kernel\components\drivers\src\completion.o
                0x60018e50                rt_completion_init
 .text.rt_completion_wait
                0x60018e94       0xfc build\kernel\components\drivers\src\completion.o
                0x60018e94                rt_completion_wait
 .text.rt_completion_done
                0x60018f90       0x70 build\kernel\components\drivers\src\completion.o
                0x60018f90                rt_completion_done
 .text.rt_list_init
                0x60019000       0x24 build\kernel\components\drivers\src\dataqueue.o
 .text.rt_list_insert_before
                0x60019024       0x34 build\kernel\components\drivers\src\dataqueue.o
 .text.rt_list_isempty
                0x60019058       0x24 build\kernel\components\drivers\src\dataqueue.o
 .text.rt_data_queue_init
                0x6001907c       0xc0 build\kernel\components\drivers\src\dataqueue.o
                0x6001907c                rt_data_queue_init
 .text.rt_data_queue_push
                0x6001913c      0x1ec build\kernel\components\drivers\src\dataqueue.o
                0x6001913c                rt_data_queue_push
 .text.rt_data_queue_pop
                0x60019328      0x248 build\kernel\components\drivers\src\dataqueue.o
                0x60019328                rt_data_queue_pop
 .text.rt_data_queue_peek
                0x60019570       0xa4 build\kernel\components\drivers\src\dataqueue.o
                0x60019570                rt_data_queue_peek
 .text.rt_data_queue_reset
                0x60019614       0xfc build\kernel\components\drivers\src\dataqueue.o
                0x60019614                rt_data_queue_reset
 .text.rt_data_queue_deinit
                0x60019710       0x70 build\kernel\components\drivers\src\dataqueue.o
                0x60019710                rt_data_queue_deinit
 .text.rt_data_queue_len
                0x60019780       0xc8 build\kernel\components\drivers\src\dataqueue.o
                0x60019780                rt_data_queue_len
 .text.rt_list_init
                0x60019848       0x24 build\kernel\components\drivers\src\waitqueue.o
 .text.rt_list_insert_before
                0x6001986c       0x34 build\kernel\components\drivers\src\waitqueue.o
 .text.rt_list_remove
                0x600198a0       0x38 build\kernel\components\drivers\src\waitqueue.o
 .text.rt_list_isempty
                0x600198d8       0x24 build\kernel\components\drivers\src\waitqueue.o
 .text.rt_wqueue_add
                0x600198fc       0x30 build\kernel\components\drivers\src\waitqueue.o
                0x600198fc                rt_wqueue_add
 .text.rt_wqueue_remove
                0x6001992c       0x28 build\kernel\components\drivers\src\waitqueue.o
                0x6001992c                rt_wqueue_remove
 .text.__wqueue_default_wake
                0x60019954       0x18 build\kernel\components\drivers\src\waitqueue.o
                0x60019954                __wqueue_default_wake
 .text.rt_wqueue_wakeup
                0x6001996c       0x80 build\kernel\components\drivers\src\waitqueue.o
                0x6001996c                rt_wqueue_wakeup
 .text.rt_wqueue_wait
                0x600199ec       0xf8 build\kernel\components\drivers\src\waitqueue.o
                0x600199ec                rt_wqueue_wait
 .text.rt_list_init
                0x60019ae4       0x24 build\kernel\components\drivers\usb\usbhost\core\usbhost_core.o
 .text.rt_list_insert_before
                0x60019b08       0x34 build\kernel\components\drivers\usb\usbhost\core\usbhost_core.o
 .text.rt_list_remove
                0x60019b3c       0x38 build\kernel\components\drivers\usb\usbhost\core\usbhost_core.o
 .text.rt_usb_instance_add_pipe
                0x60019b74       0x50 build\kernel\components\drivers\usb\usbhost\core\usbhost_core.o
 .text.rt_usb_hcd_alloc_pipe
                0x60019bc4       0x64 build\kernel\components\drivers\usb\usbhost\core\usbhost_core.o
 .text.rt_usb_hcd_free_pipe
                0x60019c28       0x3c build\kernel\components\drivers\usb\usbhost\core\usbhost_core.o
 .text.rt_usb_hcd_setup_xfer
                0x60019c64       0x2c build\kernel\components\drivers\usb\usbhost\core\usbhost_core.o
 .text.rt_usbh_alloc_instance
                0x60019c90       0xe8 build\kernel\components\drivers\usb\usbhost\core\usbhost_core.o
                0x60019c90                rt_usbh_alloc_instance
 .text.rt_usbh_attatch_instance
                0x60019d78      0x4a0 build\kernel\components\drivers\usb\usbhost\core\usbhost_core.o
                0x60019d78                rt_usbh_attatch_instance
 .text.rt_usbh_detach_instance
                0x6001a218      0x12c build\kernel\components\drivers\usb\usbhost\core\usbhost_core.o
                0x6001a218                rt_usbh_detach_instance
 .text.rt_usbh_get_descriptor
                0x6001a344       0xa8 build\kernel\components\drivers\usb\usbhost\core\usbhost_core.o
                0x6001a344                rt_usbh_get_descriptor
 .text.rt_usbh_set_address
                0x6001a3ec       0x98 build\kernel\components\drivers\usb\usbhost\core\usbhost_core.o
                0x6001a3ec                rt_usbh_set_address
 .text.rt_usbh_set_configure
                0x6001a484       0x84 build\kernel\components\drivers\usb\usbhost\core\usbhost_core.o
                0x6001a484                rt_usbh_set_configure
 .text.rt_usbh_clear_feature
                0x6001a508       0x68 build\kernel\components\drivers\usb\usbhost\core\usbhost_core.o
                0x6001a508                rt_usbh_clear_feature
 .text.rt_usbh_get_interface_descriptor
                0x6001a570       0xb4 build\kernel\components\drivers\usb\usbhost\core\usbhost_core.o
                0x6001a570                rt_usbh_get_interface_descriptor
 .text.rt_usbh_get_endpoint_descriptor
                0x6001a624       0xd4 build\kernel\components\drivers\usb\usbhost\core\usbhost_core.o
                0x6001a624                rt_usbh_get_endpoint_descriptor
 .text.rt_usb_hcd_pipe_xfer
                0x6001a6f8       0x78 build\kernel\components\drivers\usb\usbhost\core\usbhost_core.o
                0x6001a6f8                rt_usb_hcd_pipe_xfer
 .text.rt_list_init
                0x6001a770       0x24 build\kernel\components\drivers\usb\usbhost\core\driver.o
 .text.rt_list_insert_after
                0x6001a794       0x34 build\kernel\components\drivers\usb\usbhost\core\driver.o
 .text.rt_usbh_class_driver_init
                0x6001a7c8       0x28 build\kernel\components\drivers\usb\usbhost\core\driver.o
                0x6001a7c8                rt_usbh_class_driver_init
 .text.rt_usbh_class_driver_register
                0x6001a7f0       0x44 build\kernel\components\drivers\usb\usbhost\core\driver.o
                0x6001a7f0                rt_usbh_class_driver_register
 .text.rt_usbh_class_driver_enable